
 Start         Length     Name                   Class
 0001:00000000 0005E5F4H .text                   CODE
 0002:00000000 00000754H .data                   DATA
 0002:00000754 00000E3DH .bss                    BSS


Detailed map of segments

 0001:00000000 00000326 C=CODE     S=.text    G=(none)   M=System   ACBP=A9
 0001:00000328 000001EC C=CODE     S=.text    G=(none)   M=SysInit  ACBP=A9
 0001:00000514 0000011E C=CODE     S=.text    G=(none)   M=SysUtils ACBP=A9
 0001:00000634 0000000E C=CODE     S=.text    G=(none)   M=SysConst ACBP=A9
 0001:00000644 000004AC C=CODE     S=.text    G=(none)   M=Windows  ACBP=A9
 0001:00000AF0 0000000E C=CODE     S=.text    G=(none)   M=Types    ACBP=A9
 0001:00000B00 00000286 C=CODE     S=.text    G=(none)   M=ComCtrls ACBP=A9
 0001:00000D88 0000002E C=CODE     S=.text    G=(none)   M=ActnList ACBP=A9
 0001:00000DB8 0000000E C=CODE     S=.text    G=(none)   M=Contnrs  ACBP=A9
 0001:00000DC8 000004D6 C=CODE     S=.text    G=(none)   M=Classes  ACBP=A9
 0001:000012A0 00000016 C=CODE     S=.text    G=(none)   M=ActiveX  ACBP=A9
 0001:000012B8 00000038 C=CODE     S=.text    G=(none)   M=Messages ACBP=A9
 0001:000012F0 00000036 C=CODE     S=.text    G=(none)   M=TypInfo  ACBP=A9
 0001:00001328 0000000E C=CODE     S=.text    G=(none)   M=Variants ACBP=A9
 0001:00001338 0000000E C=CODE     S=.text    G=(none)   M=VarUtils ACBP=A9
 0001:00001348 0000000E C=CODE     S=.text    G=(none)   M=RTLConsts ACBP=A9
 0001:00001358 0000000E C=CODE     S=.text    G=(none)   M=Math     ACBP=A9
 0001:00001368 0000001E C=CODE     S=.text    G=(none)   M=ImgList  ACBP=A9
 0001:00001388 00000068 C=CODE     S=.text    G=(none)   M=CommCtrl ACBP=A9
 0001:000013F0 000001EE C=CODE     S=.text    G=(none)   M=Graphics ACBP=A9
 0001:000015E0 0000000E C=CODE     S=.text    G=(none)   M=Consts   ACBP=A9
 0001:000015F0 00000216 C=CODE     S=.text    G=(none)   M=Forms    ACBP=A9
 0001:00001808 0000000E C=CODE     S=.text    G=(none)   M=HelpIntfs ACBP=A9
 0001:00001818 0000000E C=CODE     S=.text    G=(none)   M=MultiMon ACBP=A9
 0001:00001828 0000040E C=CODE     S=.text    G=(none)   M=Controls ACBP=A9
 0001:00001C38 00000038 C=CODE     S=.text    G=(none)   M=Imm      ACBP=A9
 0001:00001C70 000002CE C=CODE     S=.text    G=(none)   M=Menus    ACBP=A9
 0001:00001F40 0000000E C=CODE     S=.text    G=(none)   M=Themes   ACBP=A9
 0001:00001F50 0000000E C=CODE     S=.text    G=(none)   M=UxTheme  ACBP=A9
 0001:00001F60 0000000E C=CODE     S=.text    G=(none)   M=SyncObjs ACBP=A9
 0001:00001F70 00000094 C=CODE     S=.text    G=(none)   M=ShlObj   ACBP=A9
 0001:00002004 00000038 C=CODE     S=.text    G=(none)   M=UrlMon   ACBP=A9
 0001:0000203C 00000038 C=CODE     S=.text    G=(none)   M=WinInet  ACBP=A9
 0001:00002074 00000038 C=CODE     S=.text    G=(none)   M=RegStr   ACBP=A9
 0001:000020AC 00000050 C=CODE     S=.text    G=(none)   M=ShellAPI ACBP=A9
 0001:000020FC 0000000E C=CODE     S=.text    G=(none)   M=ListActns ACBP=A9
 0001:0000210C 0000008E C=CODE     S=.text    G=(none)   M=ExtCtrls ACBP=A9
 0001:0000219C 0000005E C=CODE     S=.text    G=(none)   M=StdCtrls ACBP=A9
 0001:000021FC 0000000E C=CODE     S=.text    G=(none)   M=WinHelpViewer ACBP=A9
 0001:0000220C 0000000E C=CODE     S=.text    G=(none)   M=StdActns ACBP=A9
 0001:0000221C 0000004E C=CODE     S=.text    G=(none)   M=Dialogs  ACBP=A9
 0001:0000226C 0000000E C=CODE     S=.text    G=(none)   M=Printers ACBP=A9
 0001:0000227C 00000038 C=CODE     S=.text    G=(none)   M=WinSpool ACBP=A9
 0001:000022B4 00000038 C=CODE     S=.text    G=(none)   M=CommDlg  ACBP=A9
 0001:000022EC 00000038 C=CODE     S=.text    G=(none)   M=Dlgs     ACBP=A9
 0001:00002324 0000000E C=CODE     S=.text    G=(none)   M=StrUtils ACBP=A9
 0001:00002334 0000000E C=CODE     S=.text    G=(none)   M=Clipbrd  ACBP=A9
 0001:00002344 0000000E C=CODE     S=.text    G=(none)   M=FlatSB   ACBP=A9
 0001:00002354 00000026 C=CODE     S=.text    G=(none)   M=ToolWin  ACBP=A9
 0001:0000237C 00000038 C=CODE     S=.text    G=(none)   M=RichEdit ACBP=A9
 0001:000023B4 0000000E C=CODE     S=.text    G=(none)   M=ExtActns ACBP=A9
 0001:000023C4 00000056 C=CODE     S=.text    G=(none)   M=Registry ACBP=A9
 0001:0000241C 00000016 C=CODE     S=.text    G=(none)   M=IniFiles ACBP=A9
 0001:00002434 00000016 C=CODE     S=.text    G=(none)   M=ExtDlgs  ACBP=A9
 0001:0000244C 00000036 C=CODE     S=.text    G=(none)   M=Buttons  ACBP=A9
 0001:00002484 0000000E C=CODE     S=.text    G=(none)   M=Mapi     ACBP=A9
 0001:00002494 0000000E C=CODE     S=.text    G=(none)   M=ComStrs  ACBP=A9
 0001:000024A4 00000026 C=CODE     S=.text    G=(none)   M=DesignIntf ACBP=A9
 0001:000024CC 0000000E C=CODE     S=.text    G=(none)   M=DesignMenus ACBP=A9
 0001:000024DC 0000015E C=CODE     S=.text    G=(none)   M=DesignEditors ACBP=A9
 0001:0000263C 0000000E C=CODE     S=.text    G=(none)   M=Proxies  ACBP=A9
 0001:0000264C 0000000E C=CODE     S=.text    G=(none)   M=DesignConst ACBP=A9
 0001:0000265C 0000000E C=CODE     S=.text    G=(none)   M=LibHelp  ACBP=A9
 0001:0000266C 00000048 C=CODE     S=.text    G=(none)   M=MMSystem ACBP=A9
 0001:000026B4 00004943 C=CODE     S=.text    G=(none)   M=am2000cache ACBP=A9
 0001:00006FF8 00000490 C=CODE     S=.text    G=(none)   M=am2000hintwindow ACBP=A9
 0001:00007488 000006D3 C=CODE     S=.text    G=(none)   M=am2000desktop ACBP=A9
 0001:00007B5C 00002308 C=CODE     S=.text    G=(none)   M=am2000dropshadow ACBP=A9
 0001:00009E64 00000E34 C=CODE     S=.text    G=(none)   M=am2000   ACBP=A9
 0001:0000AC98 00001F1C C=CODE     S=.text    G=(none)   M=am2000skin ACBP=A9
 0001:0000CBB4 00001A48 C=CODE     S=.text    G=(none)   M=am2000mainmenu ACBP=A9
 0001:0000E5FC 000011A8 C=CODE     S=.text    G=(none)   M=am2000dragwindow ACBP=A9
 0001:0000F7A4 00000904 C=CODE     S=.text    G=(none)   M=am2000theme ACBP=A9
 0001:000100A8 00000E40 C=CODE     S=.text    G=(none)   M=am2000text ACBP=A9
 0001:00010EE8 0000155C C=CODE     S=.text    G=(none)   M=am2000editbox ACBP=A9
 0001:00012444 00000CB8 C=CODE     S=.text    G=(none)   M=am2000buttonarray ACBP=A9
 0001:000130FC 00000620 C=CODE     S=.text    G=(none)   M=am2000button ACBP=A9
 0001:0001371C 000004A8 C=CODE     S=.text    G=(none)   M=am2000bitmap ACBP=A9
 0001:00013BC4 0000FE18 C=CODE     S=.text    G=(none)   M=am2000popupmenu ACBP=A9
 0001:000239DC 00008000 C=CODE     S=.text    G=(none)   M=am2000menubar ACBP=A9
 0001:0002B9DC 0000603C C=CODE     S=.text    G=(none)   M=am2000utils ACBP=A9
 0001:00031A18 00005EEB C=CODE     S=.text    G=(none)   M=am2000options ACBP=A9
 0001:00037904 00006774 C=CODE     S=.text    G=(none)   M=am2000menuitem ACBP=A9
 0001:0003E078 0000000E C=CODE     S=.text    G=(none)   M=ToolsAPI ACBP=A9
 0001:0003E088 00001570 C=CODE     S=.text    G=(none)   M=am2000welcome ACBP=A9
 0001:0003F5F8 0000868A C=CODE     S=.text    G=(none)   M=am2000designer ACBP=A9
 0001:00047C84 0000134C C=CODE     S=.text    G=(none)   M=am2000shortcut ACBP=A9
 0001:00048FD0 0000000E C=CODE     S=.text    G=(none)   M=VCLEditors ACBP=A9
 0001:00048FE0 00000A64 C=CODE     S=.text    G=(none)   M=am2000images ACBP=A9
 0001:00049A44 00001D90 C=CODE     S=.text    G=(none)   M=ColorMenu2000 ACBP=A9
 0001:0004B7D4 00001204 C=CODE     S=.text    G=(none)   M=ColorBox2000 ACBP=A9
 0001:0004C9D8 00000714 C=CODE     S=.text    G=(none)   M=EditboxMenu2000 ACBP=A9
 0001:0004D0EC 000018D0 C=CODE     S=.text    G=(none)   M=FontMenu2000 ACBP=A9
 0001:0004E9BC 000002AC C=CODE     S=.text    G=(none)   M=SubMenu2000 ACBP=A9
 0001:0004EC68 00000238 C=CODE     S=.text    G=(none)   M=SubMenu2000reg ACBP=A9
 0001:0004EEA0 00000D38 C=CODE     S=.text    G=(none)   M=BookmarkMenu2000 ACBP=A9
 0001:0004FBD8 00000A90 C=CODE     S=.text    G=(none)   M=FavoritesMenu2000 ACBP=A9
 0001:00050668 00000016 C=CODE     S=.text    G=(none)   M=ComObj   ACBP=A9
 0001:00050680 0000000E C=CODE     S=.text    G=(none)   M=ComConst ACBP=A9
 0001:00050690 00002320 C=CODE     S=.text    G=(none)   M=FolderMenu2000 ACBP=A9
 0001:000529B0 00000016 C=CODE     S=.text    G=(none)   M=FileCtrl ACBP=A9
 0001:000529C8 0000082C C=CODE     S=.text    G=(none)   M=FolderMenu2000_RootEdit ACBP=A9
 0001:000531F4 00000BB4 C=CODE     S=.text    G=(none)   M=FolderMenu2000_RootsEdit ACBP=A9
 0001:00053DA8 00000C78 C=CODE     S=.text    G=(none)   M=ToolbarManager ACBP=A9
 0001:00054A20 000005EC C=CODE     S=.text    G=(none)   M=ToolbarMenu2000 ACBP=A9
 0001:0005500C 000008F0 C=CODE     S=.text    G=(none)   M=SystemMenu2000 ACBP=A9
 0001:000558FC 000007D4 C=CODE     S=.text    G=(none)   M=ToolbarManager_Windows ACBP=A9
 0001:000560D0 00000BB8 C=CODE     S=.text    G=(none)   M=CustomizeMenu2000 ACBP=A9
 0001:00056C88 000019DC C=CODE     S=.text    G=(none)   M=RecentFilesMenu2000 ACBP=A9
 0001:00058664 00001EE0 C=CODE     S=.text    G=(none)   M=ToolsMenu2000 ACBP=A9
 0001:0005A544 00000670 C=CODE     S=.text    G=(none)   M=ToolsMenu2000_ToolProperties ACBP=A9
 0001:0005ABB4 00000B80 C=CODE     S=.text    G=(none)   M=ToolsMenu2000_ToolsEditor ACBP=A9
 0001:0005B734 000001B0 C=CODE     S=.text    G=(none)   M=ToolsMenu2000_ToolsProperty ACBP=A9
 0001:0005B8E4 000000EE C=CODE     S=.text    G=(none)   M=ActnMenus ACBP=A9
 0001:0005B9D4 0000000E C=CODE     S=.text    G=(none)   M=ShadowWnd ACBP=A9
 0001:0005B9E4 0000000E C=CODE     S=.text    G=(none)   M=GraphUtil ACBP=A9
 0001:0005B9F4 00000016 C=CODE     S=.text    G=(none)   M=ActnCtrls ACBP=A9
 0001:0005BA0C 0000017E C=CODE     S=.text    G=(none)   M=ActnMan  ACBP=A9
 0001:0005BB8C 0000000E C=CODE     S=.text    G=(none)   M=ActnColorMaps ACBP=A9
 0001:0005BB9C 00001540 C=CODE     S=.text    G=(none)   M=ActionMenuBar2000 ACBP=A9
 0001:0005D0DC 0000013C C=CODE     S=.text    G=(none)   M=am2000skin_OfficeAqua ACBP=A9
 0001:0005D218 00000154 C=CODE     S=.text    G=(none)   M=am2000skin_OfficeOliveGreen ACBP=A9
 0001:0005D36C 0000013C C=CODE     S=.text    G=(none)   M=am2000skin_JavaMetal ACBP=A9
 0001:0005D4A8 00000134 C=CODE     S=.text    G=(none)   M=am2000skin_CDEMotif ACBP=A9
 0001:0005D5DC 00000144 C=CODE     S=.text    G=(none)   M=am2000skin_BlueMountain ACBP=A9
 0001:0005D720 0000012C C=CODE     S=.text    G=(none)   M=am2000skin_Money ACBP=A9
 0001:0005D84C 00000134 C=CODE     S=.text    G=(none)   M=am2000skin_OfficeXP ACBP=A9
 0001:0005D980 00000144 C=CODE     S=.text    G=(none)   M=am2000skin_RoundAClock ACBP=A9
 0001:0005DAC4 0000014C C=CODE     S=.text    G=(none)   M=am2000skin_WindowsXPLuna ACBP=A9
 0001:0005DC10 00000164 C=CODE     S=.text    G=(none)   M=am2000skin_WindowsXPOliveGreen ACBP=A9
 0001:0005DD74 00000154 C=CODE     S=.text    G=(none)   M=am2000skin_WindowsXPSilver ACBP=A9
 0001:0005DEC8 000002D4 C=CODE     S=.text    G=(none)   M=am2000reg ACBP=A9
 0001:0005E19C 00000455 C=CODE     S=.text    G=(none)   M=am2000_d7 ACBP=A9
 0002:00000000 00000030 C=DATA     S=.data    G=DGROUP   M=SysInit  ACBP=A9
 0002:00000030 00000020 C=DATA     S=.data    G=DGROUP   M=ShlObj   ACBP=A9
 0002:00000050 0000001C C=DATA     S=.data    G=DGROUP   M=am2000cache ACBP=A9
 0002:0000006C 00000065 C=DATA     S=.data    G=DGROUP   M=am2000dropshadow ACBP=A9
 0002:000000D4 00000004 C=DATA     S=.data    G=DGROUP   M=am2000dragwindow ACBP=A9
 0002:000000D8 0000002C C=DATA     S=.data    G=DGROUP   M=am2000theme ACBP=A9
 0002:00000104 00000008 C=DATA     S=.data    G=DGROUP   M=am2000popupmenu ACBP=A9
 0002:0000010C 0000004C C=DATA     S=.data    G=DGROUP   M=am2000menubar ACBP=A9
 0002:00000158 0000012A C=DATA     S=.data    G=DGROUP   M=am2000utils ACBP=A9
 0002:00000284 00000144 C=DATA     S=.data    G=DGROUP   M=am2000options ACBP=A9
 0002:000003C8 00000008 C=DATA     S=.data    G=DGROUP   M=am2000menuitem ACBP=A9
 0002:000003D0 00000004 C=DATA     S=.data    G=DGROUP   M=am2000welcome ACBP=A9
 0002:000003D4 00000014 C=DATA     S=.data    G=DGROUP   M=am2000designer ACBP=A9
 0002:000003E8 00000004 C=DATA     S=.data    G=DGROUP   M=am2000shortcut ACBP=A9
 0002:000003EC 000001C8 C=DATA     S=.data    G=DGROUP   M=ColorMenu2000 ACBP=A9
 0002:000005B4 00000014 C=DATA     S=.data    G=DGROUP   M=ColorBox2000 ACBP=A9
 0002:000005C8 00000010 C=DATA     S=.data    G=DGROUP   M=FontMenu2000 ACBP=A9
 0002:000005D8 0000005C C=DATA     S=.data    G=DGROUP   M=FolderMenu2000 ACBP=A9
 0002:00000634 00000008 C=DATA     S=.data    G=DGROUP   M=SystemMenu2000 ACBP=A9
 0002:00001000 00000010 C=BSS      S=.bss     G=DGROUP   M=SysInit  ACBP=A9
 0002:00001010 00000004 C=BSS      S=.bss     G=DGROUP   M=Windows  ACBP=A9
 0002:00001014 00000004 C=BSS      S=.bss     G=DGROUP   M=Messages ACBP=A9
 0002:00001018 00000004 C=BSS      S=.bss     G=DGROUP   M=CommCtrl ACBP=A9
 0002:0000101C 00000004 C=BSS      S=.bss     G=DGROUP   M=Imm      ACBP=A9
 0002:00001020 00000004 C=BSS      S=.bss     G=DGROUP   M=ShlObj   ACBP=A9
 0002:00001024 00000004 C=BSS      S=.bss     G=DGROUP   M=UrlMon   ACBP=A9
 0002:00001028 00000004 C=BSS      S=.bss     G=DGROUP   M=WinInet  ACBP=A9
 0002:0000102C 00000004 C=BSS      S=.bss     G=DGROUP   M=RegStr   ACBP=A9
 0002:00001030 00000004 C=BSS      S=.bss     G=DGROUP   M=ShellAPI ACBP=A9
 0002:00001034 00000004 C=BSS      S=.bss     G=DGROUP   M=WinSpool ACBP=A9
 0002:00001038 00000004 C=BSS      S=.bss     G=DGROUP   M=CommDlg  ACBP=A9
 0002:0000103C 00000004 C=BSS      S=.bss     G=DGROUP   M=Dlgs     ACBP=A9
 0002:00001040 00000004 C=BSS      S=.bss     G=DGROUP   M=RichEdit ACBP=A9
 0002:00001044 00000004 C=BSS      S=.bss     G=DGROUP   M=MMSystem ACBP=A9
 0002:00001048 00000008 C=BSS      S=.bss     G=DGROUP   M=am2000cache ACBP=A9
 0002:00001050 00000004 C=BSS      S=.bss     G=DGROUP   M=am2000hintwindow ACBP=A9
 0002:00001054 00000008 C=BSS      S=.bss     G=DGROUP   M=am2000desktop ACBP=A9
 0002:0000105C 00000A04 C=BSS      S=.bss     G=DGROUP   M=am2000dropshadow ACBP=A9
 0002:00001A60 00000004 C=BSS      S=.bss     G=DGROUP   M=am2000   ACBP=A9
 0002:00001A64 00000004 C=BSS      S=.bss     G=DGROUP   M=am2000skin ACBP=A9
 0002:00001A68 00000004 C=BSS      S=.bss     G=DGROUP   M=am2000mainmenu ACBP=A9
 0002:00001A6C 0000000C C=BSS      S=.bss     G=DGROUP   M=am2000dragwindow ACBP=A9
 0002:00001A78 00000004 C=BSS      S=.bss     G=DGROUP   M=am2000theme ACBP=A9
 0002:00001A7C 00000004 C=BSS      S=.bss     G=DGROUP   M=am2000text ACBP=A9
 0002:00001A80 00000004 C=BSS      S=.bss     G=DGROUP   M=am2000editbox ACBP=A9
 0002:00001A84 00000004 C=BSS      S=.bss     G=DGROUP   M=am2000buttonarray ACBP=A9
 0002:00001A88 00000004 C=BSS      S=.bss     G=DGROUP   M=am2000button ACBP=A9
 0002:00001A8C 00000004 C=BSS      S=.bss     G=DGROUP   M=am2000bitmap ACBP=A9
 0002:00001A90 00000009 C=BSS      S=.bss     G=DGROUP   M=am2000popupmenu ACBP=A9
 0002:00001A9C 00000030 C=BSS      S=.bss     G=DGROUP   M=am2000menubar ACBP=A9
 0002:00001ACC 0000028C C=BSS      S=.bss     G=DGROUP   M=am2000utils ACBP=A9
 0002:00001D58 00000040 C=BSS      S=.bss     G=DGROUP   M=am2000options ACBP=A9
 0002:00001D98 00000004 C=BSS      S=.bss     G=DGROUP   M=am2000menuitem ACBP=A9
 0002:00001D9C 00000004 C=BSS      S=.bss     G=DGROUP   M=am2000welcome ACBP=A9
 0002:00001DA0 00000008 C=BSS      S=.bss     G=DGROUP   M=am2000designer ACBP=A9
 0002:00001DA8 00000004 C=BSS      S=.bss     G=DGROUP   M=am2000shortcut ACBP=A9
 0002:00001DAC 00000004 C=BSS      S=.bss     G=DGROUP   M=am2000images ACBP=A9
 0002:00001DB0 00000004 C=BSS      S=.bss     G=DGROUP   M=ColorMenu2000 ACBP=A9
 0002:00001DB4 00000004 C=BSS      S=.bss     G=DGROUP   M=ColorBox2000 ACBP=A9
 0002:00001DB8 00000004 C=BSS      S=.bss     G=DGROUP   M=EditboxMenu2000 ACBP=A9
 0002:00001DBC 00000006 C=BSS      S=.bss     G=DGROUP   M=FontMenu2000 ACBP=A9
 0002:00001DC4 00000004 C=BSS      S=.bss     G=DGROUP   M=SubMenu2000 ACBP=A9
 0002:00001DC8 00000004 C=BSS      S=.bss     G=DGROUP   M=SubMenu2000reg ACBP=A9
 0002:00001DCC 00000004 C=BSS      S=.bss     G=DGROUP   M=BookmarkMenu2000 ACBP=A9
 0002:00001DD0 00000004 C=BSS      S=.bss     G=DGROUP   M=FavoritesMenu2000 ACBP=A9
 0002:00001DD4 00000004 C=BSS      S=.bss     G=DGROUP   M=FolderMenu2000 ACBP=A9
 0002:00001DD8 00000004 C=BSS      S=.bss     G=DGROUP   M=FolderMenu2000_RootEdit ACBP=A9
 0002:00001DDC 00000004 C=BSS      S=.bss     G=DGROUP   M=FolderMenu2000_RootsEdit ACBP=A9
 0002:00001DE0 00000004 C=BSS      S=.bss     G=DGROUP   M=ToolbarManager ACBP=A9
 0002:00001DE4 00000004 C=BSS      S=.bss     G=DGROUP   M=ToolbarMenu2000 ACBP=A9
 0002:00001DE8 00000004 C=BSS      S=.bss     G=DGROUP   M=SystemMenu2000 ACBP=A9
 0002:00001DEC 00000004 C=BSS      S=.bss     G=DGROUP   M=ToolbarManager_Windows ACBP=A9
 0002:00001DF0 00000004 C=BSS      S=.bss     G=DGROUP   M=CustomizeMenu2000 ACBP=A9
 0002:00001DF4 00000004 C=BSS      S=.bss     G=DGROUP   M=RecentFilesMenu2000 ACBP=A9
 0002:00001DF8 00000004 C=BSS      S=.bss     G=DGROUP   M=ToolsMenu2000 ACBP=A9
 0002:00001DFC 00000004 C=BSS      S=.bss     G=DGROUP   M=ToolsMenu2000_ToolProperties ACBP=A9
 0002:00001E00 00000004 C=BSS      S=.bss     G=DGROUP   M=ToolsMenu2000_ToolsEditor ACBP=A9
 0002:00001E04 00000004 C=BSS      S=.bss     G=DGROUP   M=ToolsMenu2000_ToolsProperty ACBP=A9
 0002:00001E08 00000004 C=BSS      S=.bss     G=DGROUP   M=ActionMenuBar2000 ACBP=A9
 0002:00001E0C 00000004 C=BSS      S=.bss     G=DGROUP   M=am2000skin_OfficeAqua ACBP=A9
 0002:00001E10 00000004 C=BSS      S=.bss     G=DGROUP   M=am2000skin_OfficeOliveGreen ACBP=A9
 0002:00001E14 00000004 C=BSS      S=.bss     G=DGROUP   M=am2000skin_JavaMetal ACBP=A9
 0002:00001E18 00000004 C=BSS      S=.bss     G=DGROUP   M=am2000skin_CDEMotif ACBP=A9
 0002:00001E1C 00000004 C=BSS      S=.bss     G=DGROUP   M=am2000skin_BlueMountain ACBP=A9
 0002:00001E20 00000004 C=BSS      S=.bss     G=DGROUP   M=am2000skin_Money ACBP=A9
 0002:00001E24 00000004 C=BSS      S=.bss     G=DGROUP   M=am2000skin_OfficeXP ACBP=A9
 0002:00001E28 00000004 C=BSS      S=.bss     G=DGROUP   M=am2000skin_RoundAClock ACBP=A9
 0002:00001E2C 00000004 C=BSS      S=.bss     G=DGROUP   M=am2000skin_WindowsXPLuna ACBP=A9
 0002:00001E30 00000004 C=BSS      S=.bss     G=DGROUP   M=am2000skin_WindowsXPOliveGreen ACBP=A9
 0002:00001E34 00000004 C=BSS      S=.bss     G=DGROUP   M=am2000skin_WindowsXPSilver ACBP=A9
 0002:00001E38 00000004 C=BSS      S=.bss     G=DGROUP   M=am2000reg ACBP=A9


  Address         Publics by Name

 0002:00001DA0       .01
 0002:00001018       .1
 0002:00001014       .1
 0002:00001024       .1
 0002:00001028       .1
 0002:0000102C       .1
 0002:00001008       .1
 0002:00001030       .1
 0002:00001038       .1
 0002:0000103C       .1
 0002:00001040       .1
 0002:00001E38       .1
 0002:00001020       .1
 0002:0000101C       .1
 0002:00001DCC       .2
 0002:00001DD0       .2
 0002:00001050       .2
 0002:00001D9C       .2
 0002:00001E30       .2
 0002:00001DC8       .2
 0002:00001E34       .2
 0002:00001E18       .2
 0002:00001A68       .2
 0002:00001E28       .2
 0002:00001A6C       .2
 0002:00001E14       .2
 0002:00001E10       .2
 0002:00001DE4       .2
 0002:00001A8C       .2
 0002:00001E0C       .2
 0002:00001D54       .2
 0002:00001E1C       .2
 0002:00001DFC       .2
 0002:00001A84       .2
 0002:00001E2C       .2
 0002:00001DB4       .2
 0002:00001DB8       .2
 0002:00001A88       .2
 0002:00001A80       .2
 0002:00001E00       .2
 0002:00001E20       .2
 0002:00001A7C       .2
 0002:00001E04       .2
 0002:00001DE8       .2
 0002:00001DF4       .2
 0002:00001DF0       .2
 0002:00001E24       .2
 0002:00001DD4       .3
 0002:00001DD8       .3
 0002:0000104C       .3
 0002:00001A78       .3
 0002:00001DBC       .3
 0002:00001E08       .3
 0002:00001A9C       .3
 0002:00001034       .3
 0002:00001010       .3
 0002:00001DEC       .3
 0002:00001DB0       .3
 0002:00001DAC       .3
 0002:00001A90       .3
 0002:00001058       .3
 0002:00001DA8       .3
 0002:00001A64       .3
 0002:00001DC4       .3
 0002:00001DDC       .4
 0002:00001DE0       .4
 0002:00001D98       .4
 0002:00001DF8       .4
 0002:00001A60       .5
 0002:00001D94       .61
 0002:00001044       .7
 0002:0000105C       .9
 0001:0005E5CC       @GetPackageInfoTable
 0001:00000460       @InitPkg
 0001:0005E5D4       @PackageLoad
 0001:000004C4       @PackageLoad
 0001:0005E5E0       @PackageUnload
 0001:000004D0       @PackageUnload
 0001:0005D0D4       ActionMenuBar2000
 0002:000000D4       ActiveDragWindow
 0002:000001F8       ActiveMenuBarList
 0002:000001BC       ActiveMenuItem
 0002:000001B8       ActivePopupMenu
 0001:000486E4       AddCustomShortCut
 0001:0004D6AC       AddFontSizes
 0001:0004DC4C       AddFontStyle
 0001:000553C8       AddItem
 0001:00044768       AddMenu
 0001:00044668       AddMenuItem
 0001:00024184       AddMiRects
 0001:00000360       AllocTlsBuffer
 0001:0000AC90       am2000
 0001:00013BBC       am2000bitmap
 0001:00013714       am2000button
 0001:000130F4       am2000buttonarray
 0001:00006FDC       am2000cache
 0001:00047C5C       am2000designer
 0001:00007B40       am2000desktop
 0001:0000F79C       am2000dragwindow
 0001:00009E5C       am2000dropshadow
 0001:0001243C       am2000editbox
 0001:00007480       am2000hintwindow
 0001:00049A3C       am2000images
 0001:0000E5F4       am2000mainmenu
 0001:0002B9D4       am2000menubar
 0001:0003E048       am2000menuitem
 0001:000378E8       am2000options
 0001:000239D4       am2000popupmenu
 0001:0005E194       am2000reg
 0001:00048FC8       am2000shortcut
 0001:0000CBAC       am2000skin
 0001:0005D718       am2000skin_BlueMountain
 0001:0005D5D4       am2000skin_CDEMotif
 0001:0005D4A0       am2000skin_JavaMetal
 0001:0005D844       am2000skin_Money
 0001:0005D210       am2000skin_OfficeAqua
 0001:0005D364       am2000skin_OfficeOliveGreen
 0001:0005D978       am2000skin_OfficeXP
 0001:0005DABC       am2000skin_RoundAClock
 0001:0005DC08       am2000skin_WindowsXPLuna
 0001:0005DD6C       am2000skin_WindowsXPOliveGreen
 0001:0005DEC0       am2000skin_WindowsXPSilver
 0001:00010EE0       am2000text
 0001:00010078       am2000theme
 0001:000318C4       am2000utils
 0001:0003F5F0       am2000welcome
 0001:0005E5EC       am2000_d7
 0001:0002DDB4       AmpTextWidth
 0002:00000284       AnimationToStr
 0001:000513A0       ArrangeFilename
 0001:0002BBF8       AssignedActivePopupMenu2000Form
 0002:0000019C       bEnableExtendedSymbols
 0002:00001AA0       bi
 0002:00000108       BiDiModeToState
 0002:00000338       BiDiModeToState
 0001:000006E0       BitBlt
 0001:00058D2C       BitmapToStr
 0002:00000280       Blanks
 0001:0002CC80       BlurBitmap
 0002:00000210       bmpCheckMark
 0002:00000214       bmpRadioItem
 0001:0004FBD0       BookmarkMenu2000
 0001:0005A8C8       BrowseCallbackFunc
 0001:0002F53C       BuildOpacityData
 0001:0000891C       CalculateHorizontalDropShadow
 0001:00008720       CalculateVerticalDropShadow
 0001:00014388       CallMenuMsgFilter
 0001:000143C0       CallMenuMsgFilterPt
 0001:000007D8       CallMsgFilter
 0001:000007E0       CallNextHookEx
 0001:0002C644       CallWindowHook
 0001:000242DC       CheckForHidden
 0001:000181D4       CheckHiddenSeparator
 0001:00048404       CheckListView
 0001:0002C7FC       CheckShowHint
 0001:000117D0       CheckStr
 0001:0002F38C       ClearBitmap
 0001:00054034       ClearBitmap
 0001:0002E6A8       ClearItems
 0001:0002C144       ClearMessage
 0001:000551B4       ClearMessage
 0001:000241E0       ClearMiRects
 0001:000007E8       CloseClipboard
 0001:0000FD34       CloseThemeData
 0001:0004C9D0       ColorBox2000
 0001:0004B7CC       ColorMenu2000
 0001:0004A3A0       ColorToIdent
 0001:0004A178       ColorToRGB
 0001:0004A198       ColorToRGBEx
 0001:00030B28       CombineString
 0002:000005B4       ComboBoxStates
 0001:000013E8       CommCtrl
 0001:000022E4       CommDlg
 0001:00054124       Compare
 0001:000089B4       Convert
 0001:0002FCD0       ConvertBinary
 0001:0002FA7C       ConvertHeader
 0001:00030984       ConvertHeader
 0001:000304A4       ConvertObject
 0001:00031264       ConvertObject
 0001:00031170       ConvertProperty
 0001:0003036C       ConvertProperty
 0001:0002FD88       ConvertValue
 0001:00030CE4       ConvertValue
 0001:000007F0       CopyImage
 0001:0003E45C       CopyItems
 0001:0003169C       CopyList
 0001:000519A0       CopyListToMenu
 0001:00031620       CopyMenuProperties
 0001:0002DE20       CopyToClipboard
 0001:000006E8       CreateCompatibleBitmap
 0001:000006F0       CreateCompatibleDC
 0001:000006F8       CreateDC
 0001:00000700       CreateDIBSection
 0001:0002C9F4       CreateDibSectionEx
 0001:00000658       CreateDirectory
 0001:00014410       CreateFloatingMenuForm
 0001:00000708       CreateFontIndirect
 0001:00000710       CreateRectRgn
 0001:00000718       CreateSolidBrush
 0001:00000A60       CreateWindow
 0002:0000021C       CurCaretIndex
 0002:000001FC       CursorDefault
 0001:00056C80       CustomizeMenu2000
 0002:00000364       DefaultColors
 0002:0000033C       DefaultMargins
 0001:00000720       DeleteDC
 0001:00000728       DeleteObject
 0002:00001054       Desktop
 0001:000007F8       DestroyIcon
 0001:00000800       DestroyMenu
 0001:00000808       DestroyWindow
 0001:00000810       DispatchMessage
 0001:00050FB4       DisposePIDL
 0001:0000231C       Dlgs
 0001:0002DF84       DoClick
 0002:00001A70       DragOpacityData
 0001:000385AC       DrawBackground
 0001:0001DB64       DrawBevel
 0001:0002B18C       DrawBevelLine
 0001:0004298C       DrawBitmapArray
 0001:00039F0C       DrawBitmapBackground
 0001:0003AF7C       DrawBitmapCache
 0001:0003AC18       DrawBitmapHandle
 0001:0003AD8C       DrawBitmapImageList
 0001:0003AE98       DrawBitmapIndex
 0001:00038DE0       DrawCaption
 0001:0003A870       DrawCheckMark
 0001:00000818       DrawEdge
 0001:0003A368       DrawEmptyCircle
 0001:00038950       DrawFrame
 0001:00000820       DrawFrameControl
 0001:00039DC4       DrawGutter
 0001:00000828       DrawIconEx
 0001:00040CB0       DrawImageList
 0001:00013228       DrawMenuItemButton
 0001:00039B58       DrawPatternBackground
 0001:0003921C       DrawPolyLine
 0001:0003957C       DrawSeparator
 0001:00039448       DrawSeparatorLine
 0001:00039D50       DrawSolidBackground
 0001:0003901C       DrawSubmenuTriangle
 0001:00000830       DrawText
 0001:0003B0D0       DrawTextItem
 0001:0000FC30       DrawThemeBackground
 0001:0000FDA4       DrawThemeText
 0002:00000110       EdgeRaised
 0002:00000120       EdgeSunken
 0001:0004D0E4       EditboxMenu2000
 0002:000005C0       EditBoxStates
 0001:0005AED0       EditTools
 0001:00000838       EmptyClipboard
 0002:000001F4       EnableCustomization
 0002:000001F0       EnableDemotion
 0002:000001EC       EnablePromotion
 0001:00000840       EnableWindow
 0001:0002F048       EndCustomization
 0001:0004D5A8       EnumFamCallBack
 0001:00000730       EnumFontFamilies
 0001:0001D8E8       EraseOverridenPart
 0001:00040E78       ExecuteFileDialog
 0001:00040FDC       ExecuteOpenAnimatedSkinDialog
 0001:00041134       ExecuteOpenMenuDialog
 0001:00041088       ExecuteSaveAnimatedSkinDialog
 0001:000411D8       ExecuteSaveMenuDialog
 0001:0000040C       ExitProcessTLS
 0001:000003E4       ExitThreadTLS
 0002:0000046C       ExtendedColors
 0002:0000050C       ExtendedColorsHints
 0001:000020AC       ExtractIcon
 0001:00050660       FavoritesMenu2000
 0002:00001DC1       FF
 0001:00000848       FillRect
 0001:000136E4       Finalization
 0001:00049A0C       Finalization
 0001:00056C50       Finalization
 0001:000317EC       Finalization
 0001:00048F8C       Finalization
 0001:0005D948       Finalization
 0001:0005D814       Finalization
 0001:0005D6E8       Finalization
 0001:00047BF8       Finalization
 0001:0005862C       Finalization
 0001:00013B8C       Finalization
 0001:0003787C       Finalization
 0001:0005DE90       Finalization
 0001:00009E2C       Finalization
 0001:0000AC60       Finalization
 0001:0005E164       Finalization
 0001:00001C38       Finalization
 0001:0003F5B4       Finalization
 0001:000013B8       Finalization
 0001:00023998       Finalization
 0001:0003E004       Finalization
 0001:00001FCC       Finalization
 0001:0000CB7C       Finalization
 0001:0005DA8C       Finalization
 0001:000012B8       Finalization
 0001:00000AB8       Finalization
 0001:00002004       Finalization
 0001:00056098       Finalization
 0001:0000203C       Finalization
 0001:0004C9A0       Finalization
 0001:00002074       Finalization
 0001:0004D0B4       Finalization
 0001:000558C4       Finalization
 0001:0005A50C       Finalization
 0001:0004B770       Finalization
 0001:0005DD3C       Finalization
 0001:00007B04       Finalization
 0001:000020C4       Finalization
 0001:000004DC       Finalization
 0001:000130C4       Finalization
 0001:0004E96C       Finalization
 0001:0000227C       Finalization
 0001:0000E5C4       Finalization
 0001:0005AB7C       Finalization
 0001:000022B4       Finalization
 0001:00007450       Finalization
 0001:0004EC30       Finalization
 0001:000022EC       Finalization
 0001:0004EE68       Finalization
 0001:0005B6FC       Finalization
 0001:0000237C       Finalization
 0001:0005B8AC       Finalization
 0001:0004FBA0       Finalization
 0001:0005D0A4       Finalization
 0001:0000F760       Finalization
 0001:00054FD4       Finalization
 0001:0005D1E0       Finalization
 0001:00006F54       Finalization
 0001:00050630       Finalization
 0001:0005DBD8       Finalization
 0001:0000267C       Finalization
 0001:0002B9A4       Finalization
 0001:00052978       Finalization
 0001:0000FFD4       Finalization
 0001:000531BC       Finalization
 0001:000549E8       Finalization
 0001:0005D5A4       Finalization
 0001:00010EB0       Finalization
 0001:00053D70       Finalization
 0001:0001240C       Finalization
 0001:0005D470       Finalization
 0001:0005D334       Finalization
 0001:0002E494       FindItem2000
 0001:00015510       FindItemByCaption
 0001:0002E010       FindItemByShortCut
 0001:00000660       FindResource
 0001:0005401C       FindToolbarManager
 0002:000002C8       FlagToStr
 0002:0000020C       FloatingMenusList
 0002:000003DC       FMenuFilename
 0002:000003E0       FMenuFormat
 0001:000529A8       FolderMenu2000
 0001:000531EC       FolderMenu2000_RootEdit
 0001:00053DA0       FolderMenu2000_RootsEdit
 0001:0004E9B4       FontMenu2000
 0002:000005C8       FontStyleToName
 0002:00000334       FormDesigner
 0002:00000104       FormsCount
 0002:00001A74       FrameOpacityData
 0001:0002F490       FreeFloatingMenusList
 0001:00000668       FreeLibrary
 0001:00000328       FreeLibrary
 0001:0002F4C0       FreeMemAndNil
 0002:000003D4       FSkinFilename
 0002:000003D8       FSkinFormat
 0002:00001DC0       FT
 0001:0002D834       FullHideCaret
 0001:0002D844       FullShowCaret
 0001:00000738       GdiFlush
 0001:00024388       GetActiveMenuBar
 0001:00000850       GetActiveWindow
 0001:0001AC5C       GetAppropriateHeight
 0001:00000858       GetAsyncKeyState
 0001:0003A23C       GetBitmapParams
 0001:00000A54       GetBValue
 0001:0002F998       GetCaption
 0001:00000860       GetCaretBlinkTime
 0001:0002C594       GetCBTHook
 0001:00000868       GetClientRect
 0001:00000870       GetClipboardData
 0001:0002F924       GetCount
 0001:0001B2A8       GetCurAnimFromMenuBar
 0001:00000670       GetCurrentDirectory
 0001:00000678       GetCurrentThreadId
 0001:00000A24       GetCurrentTime
 0001:00000878       GetCursorPos
 0001:00000880       GetDC
 0001:00000748       GetDeviceCaps
 0001:00000740       GetDIBits
 0001:0002CA6C       GetDiBitsEx
 0001:00000680       GetFileAttributes
 0001:00000888       GetForegroundWindow
 0001:00000A50       GetGValue
 0001:00000890       GetKeyState
 0001:0000CE4C       GetMainMenu2000
 0001:000384DC       GetMainShortCut
 0001:000243E8       GetMenuBarFromHandle
 0001:0002444C       GetMenuBarFromMenu
 0001:0002D870       GetMenuFontHandle
 0001:00000898       GetMenuItemCount
 0001:000008A0       GetMenuItemInfo
 0001:000008A8       GetMessage
 0001:0002C15C       GetMessageHook
 0001:00024234       GetMiRect
 0001:0004F000       GetNetscapeDate
 0001:0002E250       GetNumLines
 0001:00000750       GetObject
 0001:0002C460       GetOle2MessageHook
 0001:00000758       GetPixel
 0001:000142C8       GetPopupMenuForm
 0001:00000688       GetProcAddress
 0001:00000A4C       GetRValue
 0001:000029E0       GetShiftText
 0001:0001D7E4       GetSidePoints
 0001:0002F608       GetSoftColor
 0001:00002908       GetStandardCaption
 0001:00000760       GetStockObject
 0001:00010348       GetStrExtentPoint
 0001:000008B0       GetSubMenu
 0001:000008B8       GetSysColor
 0001:000008C0       GetSystemMenu
 0001:000550F8       GetSystemMenu2000
 0001:000008C8       GetSystemMetrics
 0001:0004F1D4       GetTextBetweenStrings
 0001:00000768       GetTextExtentPoint32
 0001:0000FEA8       GetThemePartSize
 0001:00000690       GetTickCount
 0001:0000036C       GetTlsSize
 0001:0002D8AC       GetValidName
 0001:000008D0       GetWindowLong
 0001:000008D8       GetWindowPlacement
 0001:000008E0       GetWindowRect
 0001:000008E8       GetWindowText
 0001:000008F0       GetWindowThreadProcessId
 0001:00000698       GlobalAlloc
 0001:000006A0       GlobalLock
 0001:0002F730       GlobalRepaint
 0002:00000208       GlobalRepaintFlag
 0002:00000204       GlobalRepaintLockCount
 0001:000006A8       GlobalUnlock
 0001:0002DCE8       HasSubmenu
 0001:0002DD6C       HasSubmenuWin32
 0002:000000E0       hButtonTheme
 0002:0000022C       HCallWindowHook
 0002:000000E4       hComboTheme
 0002:000000E8       hEditTheme
 0002:00000228       HGetCBTHook
 0002:00000220       HGetMessageHook
 0002:00000224       HGetOle2MessageHook
 0001:000008F8       HideCaret
 0001:00056964       HideDuplicateSeparators
 0001:0002BC38       HideWindowMenu
 0002:00001004       HInstance
 0002:00000638       HSystemMessageHook
 0002:000000DC       hTabTheme
 0002:000000D8       hThemeLibrary
 0002:000000EC       hToolbarTheme
 0002:000001CC       hUser32
 0002:000001A4       iDemotingTimeOut
 0002:0000015C       iDraggablePaneHeight
 0002:0000006C       iDropShadowSize
 0002:000001E8       iElapsedTime
 0002:00000158       iHiddenButtonHeight
 0002:00000040       IID_IExtractIconA
 0002:00000324       IID_IImages
 0002:00000030       IID_IShellFolder
 0002:00000314       IID_ISkin
 0001:000013B0       ImageList_AddMasked
 0001:00001388       ImageList_Create
 0001:00001390       ImageList_Destroy
 0001:000013A8       ImageList_Draw
 0001:000013A0       ImageList_GetBkColor
 0001:00001398       ImageList_SetBkColor
 0002:0000018C       iMaxItemWidth
 0002:00000198       iMaxToolTipShowingTime
 0001:0002D738       ImgDisabledBlt
 0001:0002D5C4       ImgTransBlt
 0001:00001C68       Imm
 0002:00000130       Index
 0001:00000900       InflateRect
 0001:000428D8       InitButtonArray
 0001:00000430       InitializeModule
 0001:0002E510       InitializePath
 0001:000003B8       InitProcessTLS
 0001:000367A0       InitRGBValues
 0001:00000374       InitThreadTLS
 0002:000001C0       InsertBeforeItem
 0002:000001C8       InsertBeforeParent
 0001:000454E4       InsertChildNodes
 0001:0002D9A4       InstallOle2GMHook
 0001:0002D9FC       InstallWindowsHooks
 0001:00000908       IntersectRect
 0001:00000910       InvalidateRect
 0001:0002DCA4       IsAccel2
 0001:0002DBEC       IsAccelEx
 0001:0002E368       IsActive
 0001:0002C118       IsApplicationActive
 0001:0002E2F4       IsAvailable
 0001:00000918       IsCharAlpha
 0001:00031790       IsChildMaximizedAndSystemMenu
 0001:00000920       IsClipboardFormatAvailable
 0001:0004196C       IsClipboardObject
 0001:0002E43C       IsContained
 0002:000001A0       iScrollBarOffset
 0001:0002F00C       IsCustomization
 0001:0002F89C       IsEnabled
 0001:0002F358       IsGradientCaptions
 0001:00000928       IsIconic
 0001:0002C08C       IsObjectInspectorUnderCursor
 0001:0002BFB8       IsOkControl
 0001:0002C01C       IsOkControlUnderCursor
 0001:00000930       IsRectEmpty
 0001:0002F854       IsSeparatorCaption
 0001:0002F7D0       IsSeparatorItem
 0001:00025A1C       IsShortCut
 0001:0002E1A8       IsShortCutEx
 0002:000001E4       iStartingTime
 0001:0000FA50       IsThemeEnabled
 0001:0002F444       IsTimerSet
 0002:00000190       iSubmenuTriangleWidth
 0001:0002F8E0       IsVisible
 0001:00000938       IsWindowEnabled
 0002:00000160       iSystemIconWidth
 0002:00000194       iToolTipWindowWidth
 0002:00000234       kernel
 0001:0002BE98       KillActivePopupMenu2000
 0002:000005AC       LastAutomaticColor
 0002:000001C4       LastInsertBeforeItem
 0002:000005B0       LastMoreColor
 0002:00000140       LastX
 0002:00000144       LastY
 0001:00000940       LoadBitmap
 0001:00000948       LoadCursor
 0001:00000950       LoadIcon
 0001:000006B0       LoadLibrary
 0001:0002E6D8       LoadMenu
 0001:0002EBE8       LoadMenuFromFile
 0001:0002EA04       LoadMenuFromFileFormat
 0001:0002ECA4       LoadMenuFromRegistry
 0001:0002EECC       LoadMenuFromString
 0001:000006B8       LoadResource
 0001:0000B2F0       LoadSkinFromFile
 0001:0000B438       LoadSkinFromFileFormat
 0001:00000330       LocalAlloc
 0001:00000338       LocalFree
 0001:0002F700       LockGlobalRepaint
 0001:000006C0       LockResource
 0001:000006D8       lstrlen
 0001:00000A18       MakeLong
 0002:000001AC       MenuCloseSound
 0002:000001B0       MenuCommandSound
 0002:000001E0       MenuDataFile
 0002:00000218       MenuDesigner
 0002:00001DA4       MenuDesignerDlg
 0002:0000026C       MenuFileExtension
 0002:00000258       MenuFileFormat
 0002:00001048       MenuItemCache
 0002:00001A98       MenuOpacity
 0002:00001A94       MenuOpacityData
 0002:000001DC       MenuOrderRegistry
 0002:000001A8       MenuPopupSound
 0002:000001B4       MenuSoundResource
 0002:000001D8       MenuWhereToSave
 0002:000003E4       MENU_REGISTRY_KEY
 0002:000003D0       MENU_REGISTRY_KEY
 0001:00000958       MessageBeep
 0001:00000960       MessageBox
 0001:000012E8       Messages
 0002:00001BD0       mii
 0001:000026AC       MMSystem
 0002:00000008       Module
 0002:00001000       ModuleIsLib
 0002:00001001       ModuleIsPackage
 0001:000006C8       MultiByteToWideChar
 0002:00000188       nDeactivateTimeout
 0001:0002D514       NewDisabledBlt
 0001:00038354       NewItem
 0001:00038448       NewItem2000
 0001:00038414       NewLine
 0001:0002FA50       NewLine
 0001:000384C8       NewLine2000
 0001:000381A0       NewMenu
 0001:00038228       NewPopupMenu
 0001:000382BC       NewSubMenu
 0002:0000016C       nFirstStage
 0002:000005D8       nFolder
 0002:00000184       nHotTrackTimeout
 0002:00001C00       NonClientMetrics
 0002:00000174       nPopupSubmenuTimeout
 0002:0000017C       nScrollingTimeout
 0002:00000178       nShortPopupSubmenuTimeout
 0002:00000180       nShortScrollingTimeout
 0002:00000170       nShowHiddenTimeout
 0002:00000164       nSteps
 0002:00000168       nTimeout
 0001:00030538       ObjectBinaryToXml
 0001:000313E4       ObjectXmlToBinary
 0001:00000968       OffsetRect
 0002:00001060       OpacityData
 0001:00000970       OpenClipboard
 0001:0000FCC0       OpenThemeData
 0001:00058C2C       OptionsToStr
 0001:00027F24       OrderMenuItems
 0002:000000B0       oV
 0002:00000070       oV
 0002:00000078       oV1
 0002:000000B8       oV1
 0002:00000094       oV2
 0001:0003BB14       PaintAction
 0001:0000E88C       PaintActiveMenuItem
 0001:0001F6C8       PaintArrow
 0001:0002D3E8       PaintColor
 0001:00026628       PaintHorizontal
 0001:0002C908       PaintMenuIcon
 0001:0003BB20       PaintMenuItem
 0001:0003B7F0       PaintMenuItemWin32
 0002:00001D58       PaintParams
 0001:00020638       PaintRollAnimation
 0001:000203A4       PaintStretchAnimation
 0001:00020040       PaintUnhideAnimation
 0001:00026C0C       PaintVertical
 0001:0001FDD4       PaintWithOpacity
 0001:00030960       ParserCheckNext
 0001:00030928       ParserSeekForTokenAfter
 0001:0002DEC4       PasteFromClipboard
 0001:00052D78       PathIsCSIDL
 0002:000003C8       Pattern
 0002:000003CC       PatternBitmap
 0002:000000F8       pCloseThemeData
 0002:000000F0       pDrawThemeBackground
 0002:000000FC       pDrawThemeText
 0001:00000978       PeekMessage
 0002:00000100       pGetThemePartSize
 0001:0000266C       PlaySound
 0001:0003173C       PointInRect
 0002:000000F4       pOpenThemeData
 0001:0002DF18       PosShortCut
 0001:00000980       PostMessage
 0001:00000988       PostQuitMessage
 0001:000515F8       ProcessEnumList
 0001:0002BDB4       ProcessMessage
 0001:0002BE30       ProcessMessages
 0001:0002BE20       ProcessMouseMoveMessages
 0001:0002F5D4       ProcessOpacityData
 0001:0002BE10       ProcessPaintMessages
 0001:00051A68       ProcessRoot
 0001:000182C8       PromoteMenuItem
 0002:000001D0       pSetLayeredWindowAttributes
 0001:00000990       PtInRect
 0002:00000004       PtrToNil
 0002:000001D4       pUpdateLayeredWindow
 0001:0002E8D4       ReadComponentFromStream
 0001:00000770       RealizePalette
 0002:0000010C       RebuildFlag
 0001:00040E10       RebuildMenuBar
 0001:0005865C       RecentFilesMenu2000
 0001:0002F50C       ReGetMem
 0001:0005DEC8       Register
 0001:0005C50C       Register
 0001:0005717C       Register
 0001:00055AE0       Register
 0001:00058BF4       Register
 0001:0004BC98       Register
 0001:0004CB0C       Register
 0001:000020A4       RegStr
 0001:0000E7AC       RejectDragTarget
 0001:00000998       ReleaseDC
 0001:000451B8       RemoveFromSelList
 0001:000009A0       RemoveMenu
 0001:0003DC4C       RemoveMenuRecursive
 0001:0002D9E0       RemoveOle2GMHook
 0001:0002DA78       RemoveWindowsHooks
 0001:00050EF8       Replace
 0001:000314C8       ResetUsageData
 0001:0002F420       RestartTimer
 0001:000316C4       RestoreCursorDefault
 0001:00000778       RestoreDC
 0001:00000A30       RGB
 0001:000023AC       RichEdit
 0001:00052DD0       RootPathEditor
 0001:00053730       RootsEditor
 0002:00000058       SAlt
 0001:0002E7F8       SaveComponentToStream
 0001:00000780       SaveDC
 0001:0002E7B0       SaveMenu
 0001:0002EF64       SaveMenuItem
 0001:0002EB2C       SaveMenuToFile
 0001:0002EA9C       SaveMenuToFileFormat
 0001:0002EDB0       SaveMenuToRegistry
 0001:0002EE5C       SaveMenuToString
 0001:0000B234       SaveSkinToFile
 0001:0000B3AC       SaveSkinToFileFormat
 0002:00000068       SBackspace
 0002:00000054       SCtrl
 0002:00000060       SDel
 0001:0002E134       SearchForItems
 0001:00000788       SelectClipRgn
 0001:00000790       SelectObject
 0001:00000798       SelectPalette
 0001:000009A8       SendMessage
 0001:000009B0       SetActiveWindow
 0001:000007A0       SetBkMode
 0001:000009B8       SetClipboardData
 0001:000316FC       SetCursor
 0001:00021AC8       SetDefault
 0001:000007A8       SetDIBits
 0001:000007B0       SetDIBitsToDevice
 0001:0000E828       SetDragCursor
 0001:000009C0       SetFocus
 0001:000009C8       SetForegroundWindow
 0001:0002EFE4       SetInsertBeforeItem
 0001:00046014       SetMenuItemCaption
 0001:000007B8       SetPixel
 0001:0002313C       SetState
 0001:0003856C       SetState
 0001:0002BC80       SetStatusBarText
 0001:000007C0       SetStretchBltMode
 0001:000007C8       SetTextColor
 0001:0002F3A8       SetTimer
 0001:0003B034       SetTinyCanvasFont
 0001:000009D0       SetWindowLong
 0001:000009D8       SetWindowPos
 0001:000009E0       SetWindowsHookEx
 0001:00001FA4       SHBrowseForFolder
 0001:000020F4       ShellAPI
 0001:000020BC       ShellExecute
 0001:00001FAC       SHGetDesktopFolder
 0001:000020B4       SHGetFileInfo
 0001:00001FB4       SHGetMalloc
 0001:00001FBC       SHGetPathFromIDList
 0001:00001FC4       SHGetSpecialFolderLocation
 0001:00001FFC       ShlObj
 0002:000003E8       SHORTCUT_REGISTRY_KEY
 0001:000009E8       ShowCaret
 0001:00056810       ShowSeparator
 0001:0003E684       ShowWelcome
 0001:000009F0       ShowWindow
 0002:0000005C       SIns
 0001:000006D0       SizeofResource
 0001:00002674       sndPlaySound
 0001:00034CA4       SoftenColors
 0001:0005143C       SortBy
 0002:00000050       SShift
 0002:000003EC       StandardColors
 0002:0000042C       StandardColorsHints
 0001:0002F408       StopTimer
 0001:000007D0       StretchBlt
 0001:0001FF78       StretchMove
 0001:0002DAE4       StripAmpersands
 0001:0005156C       StrRetToString
 0001:000339C0       StrToAnimation
 0001:00058DC8       StrToBitmap
 0001:00033A00       StrToFlag
 0001:00058CAC       StrToOptions
 0001:0004EC60       SubMenu2000
 0001:0004EE98       SubMenu2000reg
 0001:000009F8       SubtractRect
 0001:000541AC       Swap
 0002:00000064       SWin
 0002:00000148       SysCmd
 0001:0000050C       SysInit
 0001:000558F4       SystemMenu2000
 0001:000551CC       SystemMessageHook
 0002:00000634       SystemMessageHookCount
 0001:00000A00       SystemParametersInfo
 0001:0005C544       TActionMenuBar2000.Create
 0001:0005C730       TActionMenuBar2000.CreateControls
 0001:0005C5A8       TActionMenuBar2000.Destroy
 0001:0005CBF8       TActionMenuBar2000.GetAnimatedSkin
 0001:0005C8B8       TActionMenuBar2000.GetBarHeight
 0001:0005CB20       TActionMenuBar2000.GetBiDiMode
 0001:0005C884       TActionMenuBar2000.GetControlClass
 0001:0005CA00       TActionMenuBar2000.GetFont
 0001:0005CB40       TActionMenuBar2000.GetParentBiDiMode
 0001:0005CA24       TActionMenuBar2000.GetParentFont
 0001:0005CA48       TActionMenuBar2000.GetParentShowHint
 0001:0005CA6C       TActionMenuBar2000.GetShowHint
 0001:0005C610       TActionMenuBar2000.GetVersion
 0001:0005C95C       TActionMenuBar2000.MenuBarPopup
 0001:0005CBA8       TActionMenuBar2000.Merge
 0001:0005C668       TActionMenuBar2000.Notification
 0001:0005CC1C       TActionMenuBar2000.SetAnimatedSkin
 0001:0005CB60       TActionMenuBar2000.SetBiDiMode
 0001:0005CA90       TActionMenuBar2000.SetFont
 0001:0005CB84       TActionMenuBar2000.SetParentBiDiMode
 0001:0005CAB4       TActionMenuBar2000.SetParentFont
 0001:0005CAD8       TActionMenuBar2000.SetParentShowHint
 0001:0005CAFC       TActionMenuBar2000.SetShowHint
 0001:0005C6A8       TActionMenuBar2000.SetupInternalMenuBar
 0001:0005C658       TActionMenuBar2000.SetVersion
 0001:0005CBD0       TActionMenuBar2000.Unmerge
 0001:00053894       TBitBtn.CMMouseEnter
 0001:000538B4       TBitBtn.CMMouseLeave
 0001:0005D6B8       TBlueMountain.GetResourceName
 0001:0004FAB8       TBookmarkMenu2000.Click
 0001:0004F27C       TBookmarkMenu2000.CreateComponentItems
 0001:0004FA70       TBookmarkMenu2000.GetComponentItemsCaption
 0001:0005D578       TCDEMotif.GetResourceName
 0001:0004C560       TColorBox2000.CMMouseEnter
 0001:0004C584       TColorBox2000.CMMouseLeave
 0001:0004C878       TColorBox2000.ColorClick
 0001:0004BCD0       TColorBox2000.Create
 0001:0004BE04       TColorBox2000.Destroy
 0001:0004C964       TColorBox2000.DoEnter
 0001:0004C980       TColorBox2000.DoExit
 0001:0004C854       TColorBox2000.GetAnimatedSkin
 0001:0004BE54       TColorBox2000.GetAutomaticColor
 0001:0004BE78       TColorBox2000.GetColorBoxHeight
 0001:0004BE9C       TColorBox2000.GetColorBoxWidth
 0001:0004BEC0       TColorBox2000.GetColorMenuOptions
 0001:0004BF2C       TColorBox2000.GetCurrentColor
 0001:0004BEE4       TColorBox2000.GetCustomColors
 0001:0004BF08       TColorBox2000.GetMoreColorsColor
 0001:0004BF50       TColorBox2000.IsCustomColorsStored
 0001:0004C734       TColorBox2000.MouseDown
 0001:0004C5A8       TColorBox2000.MouseMove
 0001:0004C070       TColorBox2000.Paint
 0001:0004C830       TColorBox2000.SetAnimatedSkin
 0001:0004BF74       TColorBox2000.SetAutomaticColor
 0001:0004C618       TColorBox2000.SetBounds
 0001:0004BF98       TColorBox2000.SetColorBoxHeight
 0001:0004BFBC       TColorBox2000.SetColorBoxWidth
 0001:0004BFE0       TColorBox2000.SetColorMenuOptions
 0001:0004C04C       TColorBox2000.SetCurrentColor
 0001:0004C004       TColorBox2000.SetCustomColors
 0001:0004C52C       TColorBox2000.SetFlat
 0001:0004C028       TColorBox2000.SetMoreColorsColor
 0001:0004C608       TColorBox2000.wmEraseBkgnd
 0001:0004B580       TColorMenu2000.AutomaticColorClick
 0001:0004A218       TColorMenu2000.Create
 0001:0004A6A0       TColorMenu2000.CreateComponentItems
 0001:0004B3A8       TColorMenu2000.CustomColorClick
 0001:0004A2B4       TColorMenu2000.Destroy
 0001:0004A2F4       TColorMenu2000.DrawColor
 0001:0004B36C       TColorMenu2000.GetComponentItemsCaption
 0001:0004B64C       TColorMenu2000.GetCustomColors
 0001:0004B68C       TColorMenu2000.IsCustomColorsStored
 0001:0004B46C       TColorMenu2000.MoreColorsClick
 0001:0004B6C4       TColorMenu2000.SetCustomColors
 0001:0004B714       TColorMenu2000.SystemColorClick
 0001:0004B344       TColorMenu2000.UpdateComponentItems
 0001:0000B640       TCustomAnimatedSkin2000.Assign
 0001:0000BD78       TCustomAnimatedSkin2000.AssignTo
 0001:0000B4C4       TCustomAnimatedSkin2000.Create
 0001:0000B530       TCustomAnimatedSkin2000.Destroy
 0001:0000C78C       TCustomAnimatedSkin2000.GetAnimation
 0001:0000BA80       TCustomAnimatedSkin2000.GetColors
 0001:0000C7A8       TCustomAnimatedSkin2000.GetCtl3D
 0001:0000C930       TCustomAnimatedSkin2000.GetDisabledImages
 0001:0000C7C4       TCustomAnimatedSkin2000.GetFlags
 0001:0000C56C       TCustomAnimatedSkin2000.GetFont
 0001:0000C94C       TCustomAnimatedSkin2000.GetHotImages
 0001:0000C914       TCustomAnimatedSkin2000.GetImages
 0001:0000C968       TCustomAnimatedSkin2000.GetISkin
 0001:0000BAF0       TCustomAnimatedSkin2000.GetMargins
 0001:0000C754       TCustomAnimatedSkin2000.GetMenuBar
 0001:0000C7E0       TCustomAnimatedSkin2000.GetOpacity
 0001:0000C7FC       TCustomAnimatedSkin2000.GetParentFont
 0001:0000BCC8       TCustomAnimatedSkin2000.GetSkin
 0001:0000C818       TCustomAnimatedSkin2000.GetSystemCtl3D
 0001:0000C834       TCustomAnimatedSkin2000.GetSystemFont
 0001:0000C850       TCustomAnimatedSkin2000.GetSystemSelectionFade
 0001:0000C86C       TCustomAnimatedSkin2000.GetSystemShadow
 0001:0000BB28       TCustomAnimatedSkin2000.GetTitle
 0001:0000C888       TCustomAnimatedSkin2000.GetVersion
 0001:0000BC2C       TCustomAnimatedSkin2000.HasColors
 0001:0000BC60       TCustomAnimatedSkin2000.HasMargins
 0001:0000C720       TCustomAnimatedSkin2000.HasMenuBar
 0001:0000BD00       TCustomAnimatedSkin2000.HasSkin
 0001:0000BC94       TCustomAnimatedSkin2000.HasTitle
 0001:0000C664       TCustomAnimatedSkin2000.IsCtl3DStored
 0001:0000B9F4       TCustomAnimatedSkin2000.IsDefault
 0001:0000C538       TCustomAnimatedSkin2000.IsFontStored
 0001:0000C1C8       TCustomAnimatedSkin2000.Loaded
 0001:0000C278       TCustomAnimatedSkin2000.LoadFromFile
 0001:0000B600       TCustomAnimatedSkin2000.Notification
 0001:0000C680       TCustomAnimatedSkin2000.Remove
 0001:0000C6A8       TCustomAnimatedSkin2000.Reset
 0001:0000C3D4       TCustomAnimatedSkin2000.SaveToFile
 0001:0000C1A4       TCustomAnimatedSkin2000.SetAnimation
 0001:0000BBA4       TCustomAnimatedSkin2000.SetColors
 0001:0000C17C       TCustomAnimatedSkin2000.SetCtl3D
 0001:0000C254       TCustomAnimatedSkin2000.SetFlags
 0001:0000C5A0       TCustomAnimatedSkin2000.SetFont
 0001:0000BBE8       TCustomAnimatedSkin2000.SetMargins
 0001:0000C6D8       TCustomAnimatedSkin2000.SetMenuBar
 0001:0000C98C       TCustomAnimatedSkin2000.SetOpacity
 0001:0000C5F4       TCustomAnimatedSkin2000.SetParentFont
 0001:0000BD34       TCustomAnimatedSkin2000.SetSkin
 0001:0000C62C       TCustomAnimatedSkin2000.SetSystemFont
 0001:0000BB60       TCustomAnimatedSkin2000.SetTitle
 0001:0000C8D0       TCustomAnimatedSkin2000.SetVersion
 0001:0000C1E4       TCustomAnimatedSkin2000.UpdateMenus
 0001:00008F88       TCustomHorizontalShadow.Create
 0001:00008FF4       TCustomHorizontalShadow.Update
 0001:0005629C       TCustomizeMenu2000.Create
 0001:000563AC       TCustomizeMenu2000.CreateComponentItems
 0001:00056B9C       TCustomizeMenu2000.DoCloseQuery
 0001:00056C10       TCustomizeMenu2000.GetComponentItemsCaption
 0001:00056338       TCustomizeMenu2000.Loaded
 0001:0005636C       TCustomizeMenu2000.Notification
 0001:00056A78       TCustomizeMenu2000.ShowHideButton
 0001:000567E8       TCustomizeMenu2000.UpdateComponentItems
 0001:0000DDD4       TCustomMainMenu2000.Assign
 0001:0000DC8C       TCustomMainMenu2000.cmFontChanged
 0001:0000DCB8       TCustomMainMenu2000.cmParentFontChanged
 0001:0000CF0C       TCustomMainMenu2000.Create
 0001:0000D01C       TCustomMainMenu2000.Destroy
 0001:0000E11C       TCustomMainMenu2000.DoLoaded
 0001:0000D708       TCustomMainMenu2000.FindItem
 0001:0000E424       TCustomMainMenu2000.GetAnimation
 0001:0000E3C4       TCustomMainMenu2000.GetColors
 0001:0000E444       TCustomMainMenu2000.GetCtl3D
 0001:0000E548       TCustomMainMenu2000.GetDisabledImages
 0001:0000E460       TCustomMainMenu2000.GetFlags
 0001:0000E0DC       TCustomMainMenu2000.GetFont
 0001:0000E564       TCustomMainMenu2000.GetHotImages
 0001:0000E52C       TCustomMainMenu2000.GetImages
 0001:0000E580       TCustomMainMenu2000.GetISkin
 0001:0000E3E4       TCustomMainMenu2000.GetMargins
 0001:0000D328       TCustomMainMenu2000.GetMenuItem2000
 0001:0000D594       TCustomMainMenu2000.GetMergedMenuItem
 0001:0000D5F0       TCustomMainMenu2000.GetMergedMenuItemsCount
 0001:0000E480       TCustomMainMenu2000.GetOpacity
 0001:0000DD74       TCustomMainMenu2000.GetOptions
 0001:0000E4A0       TCustomMainMenu2000.GetParentFont
 0001:0000E204       TCustomMainMenu2000.GetSelected
 0001:0000E404       TCustomMainMenu2000.GetSkin
 0001:0000E4BC       TCustomMainMenu2000.GetSystemCtl3D
 0001:0000E4D8       TCustomMainMenu2000.GetSystemFont
 0001:0000E4F4       TCustomMainMenu2000.GetSystemSelectionFade
 0001:0000E510       TCustomMainMenu2000.GetSystemShadow
 0001:0000E3A4       TCustomMainMenu2000.GetTitle
 0001:0000DA78       TCustomMainMenu2000.GetVersion
 0001:0000E324       TCustomMainMenu2000.HasColors
 0001:0000E364       TCustomMainMenu2000.HasMargins
 0001:0000E384       TCustomMainMenu2000.HasSkin
 0001:0000E344       TCustomMainMenu2000.HasTitle
 0001:0000E158       TCustomMainMenu2000.IsCtl3DStored
 0001:0000DAC0       TCustomMainMenu2000.IsFontStored
 0001:0000D9FC       TCustomMainMenu2000.IsMenuPopulated
 0001:0000D6D4       TCustomMainMenu2000.IsShortCut
 0001:0000DAF4       TCustomMainMenu2000.IsShowHintStored
 0001:0000D134       TCustomMainMenu2000.Loaded
 0001:0000D344       TCustomMainMenu2000.Merge2
 0001:0000D360       TCustomMainMenu2000.Merge2000
 0001:0000D630       TCustomMainMenu2000.Notification
 0001:0000DCE4       TCustomMainMenu2000.OnFontChange
 0001:0000D734       TCustomMainMenu2000.PopulateOle2Menu2000
 0001:0000D414       TCustomMainMenu2000.RebuildMergedMenuItems
 0001:0000DD10       TCustomMainMenu2000.Refresh
 0001:0000E18C       TCustomMainMenu2000.Reset
 0001:0000E178       TCustomMainMenu2000.ResetSkin
 0001:0000E1D8       TCustomMainMenu2000.ResetUsageData
 0001:0000E030       TCustomMainMenu2000.SetAnimatedSkin
 0001:0000E130       TCustomMainMenu2000.SetCtl3D
 0001:0000DB14       TCustomMainMenu2000.SetFont
 0001:0000D804       TCustomMainMenu2000.SetOle2MenuHandle2000
 0001:0000DC68       TCustomMainMenu2000.SetOptions
 0001:0000DB58       TCustomMainMenu2000.SetParentFont
 0001:0000DBFC       TCustomMainMenu2000.SetParentShowHint
 0001:0000E298       TCustomMainMenu2000.SetSelected
 0001:0000DBC8       TCustomMainMenu2000.SetShowHint
 0001:0000DB90       TCustomMainMenu2000.SetSystemFont
 0001:0000DA34       TCustomMainMenu2000.SetVersion
 0001:0000D3B4       TCustomMainMenu2000.Unmerge2
 0001:0000D3D0       TCustomMainMenu2000.Unmerge2000
 0001:0000E0B8       TCustomMainMenu2000.UpdateFromOptions
 0001:0002B01C       TCustomMenuBar2000.cmDesignHitTest
 0001:0002889C       TCustomMenuBar2000.cmFontChanged
 0001:0002873C       TCustomMenuBar2000.cmMouseLeave
 0001:000288C4       TCustomMenuBar2000.cmParentFontChanged
 0001:000287B4       TCustomMenuBar2000.cmSysFontChanged
 0001:000244B4       TCustomMenuBar2000.Create
 0001:00024894       TCustomMenuBar2000.CreateParams
 0001:0002A2E4       TCustomMenuBar2000.DblClick
 0001:00024600       TCustomMenuBar2000.Destroy
 0001:0002A588       TCustomMenuBar2000.DoLoaded
 0001:0002AA24       TCustomMenuBar2000.GetAlign
 0001:0002A930       TCustomMenuBar2000.GetBiDiMode
 0001:0002A12C       TCustomMenuBar2000.GetBitmapSize
 0001:0002A868       TCustomMenuBar2000.GetCtl3D
 0001:0002AA84       TCustomMenuBar2000.GetFont
 0001:0002AE04       TCustomMenuBar2000.GetItemAtPoint
 0001:000261AC       TCustomMenuBar2000.GetLastOffsetX
 0001:000264C8       TCustomMenuBar2000.GetMenuItem
 0001:00026464       TCustomMenuBar2000.GetMenuItemCount
 0001:00026268       TCustomMenuBar2000.GetMenuItemSize
 0001:0002AC70       TCustomMenuBar2000.GetMenuRect
 0001:00026534       TCustomMenuBar2000.GetNextMenuItem
 0001:00026174       TCustomMenuBar2000.GetOffsetX
 0001:0002A7FC       TCustomMenuBar2000.GetParentFont
 0001:00025570       TCustomMenuBar2000.GetSysBtnRect
 0001:0002A790       TCustomMenuBar2000.GetSystemFont
 0001:000256B4       TCustomMenuBar2000.GetSystemIconRect
 0001:0002A998       TCustomMenuBar2000.GetSystemShadow
 0001:0002AB48       TCustomMenuBar2000.GetVersion
 0001:00029614       TCustomMenuBar2000.HideActiveItem
 0001:0002A458       TCustomMenuBar2000.InitiateAction
 0001:0002AA04       TCustomMenuBar2000.IsAlignStored
 0001:00029C80       TCustomMenuBar2000.KillActiveItem
 0001:000246C8       TCustomMenuBar2000.Loaded
 0001:00028F24       TCustomMenuBar2000.MouseDown
 0001:000288F8       TCustomMenuBar2000.MouseMove
 0001:0002935C       TCustomMenuBar2000.MouseUp
 0001:00029718       TCustomMenuBar2000.MoveActiveTo
 0001:00029B9C       TCustomMenuBar2000.MoveActiveToIndex
 0001:0002A074       TCustomMenuBar2000.Notification
 0001:0002AEA4       TCustomMenuBar2000.OnDeactivate
 0001:0002AAF4       TCustomMenuBar2000.OnHotTrack
 0001:0002A6F8       TCustomMenuBar2000.Options
 0001:00027690       TCustomMenuBar2000.Paint
 0001:00027204       TCustomMenuBar2000.PaintActiveItem
 0001:00026E30       TCustomMenuBar2000.PaintItem
 0001:00027288       TCustomMenuBar2000.PaintSystemButton
 0001:000274C0       TCustomMenuBar2000.PaintSystemButtons
 0001:00025A90       TCustomMenuBar2000.PopupAccelItem
 0001:00029C3C       TCustomMenuBar2000.PopupActiveItem
 0001:00024AC4       TCustomMenuBar2000.PopupMenuRect
 0001:00029ED8       TCustomMenuBar2000.RebuildToolTipWindow
 0001:0002A5C4       TCustomMenuBar2000.Refresh
 0001:0002A59C       TCustomMenuBar2000.Repaint
 0001:00027250       TCustomMenuBar2000.ResetBuffer
 0001:00025968       TCustomMenuBar2000.SearchForMergedMenus
 0001:00029C04       TCustomMenuBar2000.SetActiveItemIndex
 0001:0002AA40       TCustomMenuBar2000.SetAlign
 0001:000282BC       TCustomMenuBar2000.SetBounds
 0001:0002A0FC       TCustomMenuBar2000.SetDisableAltKeyUp
 0001:0002A4B4       TCustomMenuBar2000.SetHotTrack
 0001:00029D50       TCustomMenuBar2000.SetMenu
 0001:0002AD0C       TCustomMenuBar2000.SetMenuItem
 0001:0002A4D0       TCustomMenuBar2000.SetTransparent
 0001:0002A6B4       TCustomMenuBar2000.SetVersion
 0001:0002A3B8       TCustomMenuBar2000.TimerShow
 0001:0002A69C       TCustomMenuBar2000.Update
 0001:00029D78       TCustomMenuBar2000.UpdateMenuBar
 0001:000257B8       TCustomMenuBar2000.wmActivateMenuBar
 0001:0002AECC       TCustomMenuBar2000.wmEraseBkgnd
 0001:00025E14       TCustomMenuBar2000.wmKeyDown
 0001:0002B000       TCustomMenuBar2000.wmLButtonDown
 0001:00026138       TCustomMenuBar2000.wmMouseMove
 0001:0002AEE8       TCustomMenuBar2000.wmPaintOnCanvas
 0001:00025784       TCustomMenuBar2000.wmSetKeepSelected
 0001:0002AB90       TCustomMenuBar2000.wmSetState
 0001:00028828       TCustomMenuBar2000.wmSettingChange
 0001:00025BC0       TCustomMenuBar2000.wmSysKeyDown
 0001:00025CD8       TCustomMenuBar2000.wmSysKeyUp
 0001:000248DC       TCustomMenuBar2000.wmUpdateMenuBar
 0001:000248B8       TCustomMenuBar2000.wmWindowPosChanged
 0001:00015D0C       TCustomPopupMenu2000.Assign
 0001:00014EEC       TCustomPopupMenu2000.AssignMenuItems
 0001:00014A34       TCustomPopupMenu2000.Create
 0001:000157D8       TCustomPopupMenu2000.CreateComponentItems
 0001:00014BD4       TCustomPopupMenu2000.Destroy
 0001:00015788       TCustomPopupMenu2000.DoCloseQuery
 0001:00015A58       TCustomPopupMenu2000.DoLoaded
 0001:000154E4       TCustomPopupMenu2000.FindItem
 0001:00014F54       TCustomPopupMenu2000.FormOnScreen
 0001:00015B6C       TCustomPopupMenu2000.GetAnimation
 0001:00015B0C       TCustomPopupMenu2000.GetColors
 0001:000157C0       TCustomPopupMenu2000.GetComponentItemsCaption
 0001:00015B8C       TCustomPopupMenu2000.GetCtl3D
 0001:00015C90       TCustomPopupMenu2000.GetDisabledImages
 0001:00015BA8       TCustomPopupMenu2000.GetFlags
 0001:00015094       TCustomPopupMenu2000.GetFont
 0001:00015840       TCustomPopupMenu2000.GetForm
 0001:00014FCC       TCustomPopupMenu2000.GetFormAtPos
 0001:00015CAC       TCustomPopupMenu2000.GetHotImages
 0001:00015C74       TCustomPopupMenu2000.GetImages
 0001:00015CC8       TCustomPopupMenu2000.GetISkin
 0001:00015B2C       TCustomPopupMenu2000.GetMargins
 0001:00015078       TCustomPopupMenu2000.GetMenuItem2000
 0001:00015BC8       TCustomPopupMenu2000.GetOpacity
 0001:0001594C       TCustomPopupMenu2000.GetOptions
 0001:00015BE8       TCustomPopupMenu2000.GetParentFont
 0001:00015FA4       TCustomPopupMenu2000.GetSelected
 0001:00015B4C       TCustomPopupMenu2000.GetSkin
 0001:00015C04       TCustomPopupMenu2000.GetSystemCtl3D
 0001:00015C20       TCustomPopupMenu2000.GetSystemFont
 0001:00015C3C       TCustomPopupMenu2000.GetSystemSelectionFade
 0001:00015C58       TCustomPopupMenu2000.GetSystemShadow
 0001:00015AEC       TCustomPopupMenu2000.GetTitle
 0001:00014FAC       TCustomPopupMenu2000.GetTopMostForm
 0001:00015904       TCustomPopupMenu2000.GetVersion
 0001:00015A6C       TCustomPopupMenu2000.HasColors
 0001:00015AAC       TCustomPopupMenu2000.HasMargins
 0001:00015ACC       TCustomPopupMenu2000.HasSkin
 0001:00015A8C       TCustomPopupMenu2000.HasTitle
 0001:00015F70       TCustomPopupMenu2000.IsCtl3DStored
 0001:00015024       TCustomPopupMenu2000.IsFontStored
 0001:000154B0       TCustomPopupMenu2000.IsShortCut
 0001:00015058       TCustomPopupMenu2000.IsShowHintStored
 0001:00015610       TCustomPopupMenu2000.Loaded
 0001:0001524C       TCustomPopupMenu2000.Notification
 0001:00014CB8       TCustomPopupMenu2000.Popup
 0001:00014D20       TCustomPopupMenu2000.PopupAsync
 0001:000152C0       TCustomPopupMenu2000.PrepareForPopup
 0001:00015894       TCustomPopupMenu2000.Refresh
 0001:000158CC       TCustomPopupMenu2000.Repaint
 0001:00015F90       TCustomPopupMenu2000.ResetSkin
 0001:000159AC       TCustomPopupMenu2000.SetAnimatedSkin
 0001:00015F48       TCustomPopupMenu2000.SetCtl3D
 0001:000150D4       TCustomPopupMenu2000.SetFont
 0001:00015228       TCustomPopupMenu2000.SetOptions
 0001:00015118       TCustomPopupMenu2000.SetParentFont
 0001:000151BC       TCustomPopupMenu2000.SetParentShowHint
 0001:00015FF8       TCustomPopupMenu2000.SetSelected
 0001:00015188       TCustomPopupMenu2000.SetShowHint
 0001:00015150       TCustomPopupMenu2000.SetSystemFont
 0001:00015744       TCustomPopupMenu2000.SetVersion
 0001:00015830       TCustomPopupMenu2000.UpdateComponentItems
 0001:00015A34       TCustomPopupMenu2000.UpdateFromOptions
 0001:00008D04       TCustomShadow.Create
 0001:00008DE4       TCustomShadow.CreateParams
 0001:00008E14       TCustomShadow.Destroy
 0001:00008E54       TCustomShadow.Repaint
 0001:00008E6C       TCustomShadow.wmEraseBkgnd
 0001:000545C0       TCustomToolbar.Create
 0001:0005462C       TCustomToolbar.Destroy
 0001:00054668       TCustomToolbar.GetButtons
 0001:00054074       TCustomToolbarButtons.Create
 0001:00054248       TCustomToolbarButtons.CreateRealIndexes
 0001:000540DC       TCustomToolbarButtons.Destroy
 0001:00054310       TCustomToolbarButtons.GetBitmap
 0001:00054350       TCustomToolbarButtons.GetCaption
 0001:00054384       TCustomToolbarButtons.GetHeight
 0001:000543B8       TCustomToolbarButtons.GetLeft
 0001:000543EC       TCustomToolbarButtons.GetShortCut
 0001:00054420       TCustomToolbarButtons.GetTop
 0001:00054454       TCustomToolbarButtons.GetVisible
 0001:00054488       TCustomToolbarButtons.GetWidth
 0001:000544BC       TCustomToolbarButtons.IsSeparator
 0001:000544F0       TCustomToolbarButtons.SetBitmap
 0001:00054524       TCustomToolbarButtons.SetCaption
 0001:00054558       TCustomToolbarButtons.SetShortCut
 0001:0005458C       TCustomToolbarButtons.SetVisible
 0001:00054948       TCustomToolbarManager.AddToolbar
 0001:000546AC       TCustomToolbarManager.Create
 0001:00054710       TCustomToolbarManager.Destroy
 0001:00054794       TCustomToolbarManager.GetToolbar
 0001:000547D4       TCustomToolbarManager.GetToolbarCount
 0001:000548E4       TCustomToolbarManager.IndexOf
 0001:00054800       TCustomToolbarManager.Loaded
 0001:0005481C       TCustomToolbarManager.RebuildToolbarList
 0001:000549B4       TCustomToolbarManager.RemoveToolbar
 0001:00008E94       TCustomVerticalShadow.Create
 0001:00008F00       TCustomVerticalShadow.Update
 0001:00047898       TDesigner.Destroy
 0001:000478D4       TDesigner.InitializeDesigner
 0001:00047B98       TDesigner.Modified
 0001:00047A40       TDesigner.SelectComponent
 0001:00047AA0       TDesigner.ShowMethod
 0001:0003DE38       TEditableMenuItem2000.Add
 0001:0003DE80       TEditableMenuItem2000.Clear
 0001:0003DDEC       TEditableMenuItem2000.Delete
 0001:0003DD78       TEditableMenuItem2000.GetCount
 0001:0003DD54       TEditableMenuItem2000.GetHandle
 0001:0003DD9C       TEditableMenuItem2000.GetItem
 0001:0003DE10       TEditableMenuItem2000.IndexOf
 0001:0003DDC4       TEditableMenuItem2000.Insert
 0001:0003DE5C       TEditableMenuItem2000.Remove
 0001:0004CEF0       TEditboxMenu2000.CopyClick
 0001:0004CB44       TEditboxMenu2000.CreateComponentItems
 0001:0004CF2C       TEditboxMenu2000.CutClick
 0001:0004CF68       TEditboxMenu2000.DeleteClick
 0001:0004D078       TEditboxMenu2000.GetComponentItemsCaption
 0001:0004CFA4       TEditboxMenu2000.PasteClick
 0001:0004CFE0       TEditboxMenu2000.SelectAllClick
 0001:0004D03C       TEditboxMenu2000.UndoClick
 0001:000504E8       TFavoritesMenu2000.Click
 0001:0004FD7C       TFavoritesMenu2000.Create
 0001:0004FDDC       TFavoritesMenu2000.CreateComponentItems
 0001:000505F0       TFavoritesMenu2000.GetComponentItemsCaption
 0001:0004FEF0       TFavoritesMenu2000.GetName
 0001:0005001C       TFavoritesMenu2000.ReadFromFolder
 0001:000511D0       TFolderMenu2000.ClearMenuItem
 0001:0005100C       TFolderMenu2000.Create
 0001:00051348       TFolderMenu2000.CreateComponentItems
 0001:0005110C       TFolderMenu2000.Destroy
 0001:000524AC       TFolderMenu2000.DrawFileItem
 0001:000526B4       TFolderMenu2000.DrawFolderItem
 0001:000522B0       TFolderMenu2000.GetComponentItemsCaption
 0001:000522EC       TFolderMenu2000.GetLocation
 0001:0005280C       TFolderMenu2000.GetRoots
 0001:00052950       TFolderMenu2000.IsFolderMenuOptionsStored
 0001:00051168       TFolderMenu2000.Loaded
 0001:000512C8       TFolderMenu2000.NewFileItem
 0001:00051208       TFolderMenu2000.NewFolderItem
 0001:000521C8       TFolderMenu2000.OpenFile1Click
 0001:00052038       TFolderMenu2000.OpenFolder1Click
 0001:0005228C       TFolderMenu2000.SetFolderBitmap
 0001:00052860       TFolderMenu2000.SetRoot
 0001:000528C8       TFolderMenu2000.SetRoots
 0001:0004E5A8       TFontMenu2000.Click
 0001:0004D4C8       TFontMenu2000.Create
 0001:0004DE6C       TFontMenu2000.CreateComponentItems
 0001:0004D568       TFontMenu2000.Destroy
 0001:0004E54C       TFontMenu2000.GetComponentItemsCaption
 0001:0004E584       TFontMenu2000.SetActiveFont
 0001:0004E884       TFontMenu2000.UpdateComponentItems
 0001:00009A4C       THorizontalShadow2000.Create
 0001:00009B3C       THorizontalShadow2000.CreateParams
 0001:00009B64       THorizontalShadow2000.Destroy
 0001:00009BB4       THorizontalShadow2000.SetColor
 0001:00009C34       THorizontalShadow2000.Update
 0001:000093CC       THorizontalShadow98.Paint
 0001:0000963C       THorizontalShadow98.SetColor
 0002:00000200       TimeoutTimer
 0001:0005D440       TJavaMetal.GetResourceName
 0001:00000340       TlsAlloc
 0002:0000100C       tlsBuffer
 0001:00000348       TlsFree
 0001:00000350       TlsGetValue
 0002:00000000       TlsIndex
 0002:FFBA0000       TlsLast
 0002:00000020       TlsProc
 0001:00000358       TlsSetValue
 0001:0003C1E0       TMenuItem2000.Add
 0001:0003D134       TMenuItem2000.AsBitmap
 0001:0003D080       TMenuItem2000.AsButton
 0001:0003CFC4       TMenuItem2000.AsButtonArray
 0001:0003D1E8       TMenuItem2000.AsEdit
 0001:0003C258       TMenuItem2000.Assign
 0001:0003D2A0       TMenuItem2000.AsText
 0001:0003DA54       TMenuItem2000.BeginUpdate
 0001:0003DB98       TMenuItem2000.Click
 0001:0003C06C       TMenuItem2000.Create
 0001:0003C230       TMenuItem2000.Delete
 0001:0003C0D8       TMenuItem2000.Destroy
 0001:0003DA68       TMenuItem2000.EndUpdate
 0001:0003D778       TMenuItem2000.GetAction
 0001:0003DA3C       TMenuItem2000.GetActionLinkClass
 0001:0003CA38       TMenuItem2000.GetBitmap
 0001:0003D5F0       TMenuItem2000.GetCaption
 0001:0003D900       TMenuItem2000.GetChecked
 0001:0003DA7C       TMenuItem2000.GetControlOptions
 0001:0003DB34       TMenuItem2000.GetCount
 0001:0003D610       TMenuItem2000.GetEnabled
 0001:0003D678       TMenuItem2000.GetHeight
 0001:0003DB50       TMenuItem2000.GetHidden
 0001:0003CB4C       TMenuItem2000.GetHint
 0001:0003D9A4       TMenuItem2000.GetImageIndex
 0001:0003D354       TMenuItem2000.GetItem
 0001:0003C840       TMenuItem2000.GetMenu
 0001:0003C818       TMenuItem2000.GetMenuBar
 0001:0003D9E8       TMenuItem2000.GetMenuHandle
 0001:0003D56C       TMenuItem2000.GetOptions
 0001:0003C8E0       TMenuItem2000.GetParent
 0001:0003C890       TMenuItem2000.GetParentComponent
 0001:0003C874       TMenuItem2000.GetParentMenu
 0001:0003CA54       TMenuItem2000.GetShortCut
 0001:0003D62C       TMenuItem2000.GetVisible
 0001:0003D648       TMenuItem2000.GetWidth
 0001:0003C8BC       TMenuItem2000.HasBitmap
 0001:0003DADC       TMenuItem2000.HasControl
 0001:0003DAFC       TMenuItem2000.HasOptions
 0001:0003C1BC       TMenuItem2000.IndexOf
 0001:0003D71C       TMenuItem2000.InitiateAction
 0001:0003C18C       TMenuItem2000.Insert
 0001:0003C8FC       TMenuItem2000.IsHintStored
 0001:0003DD34       TMenuItem2000.IsInUpdate
 0001:0003D550       TMenuItem2000.IsOptionsStored
 0001:0003C99C       TMenuItem2000.IsShortCutStored
 0001:0003D6A8       TMenuItem2000.Notification
 0001:0003DCAC       TMenuItem2000.ReleaseHandle
 0001:0003C208       TMenuItem2000.Remove
 0001:0003D794       TMenuItem2000.SetAction
 0001:0003DBC4       TMenuItem2000.SetAnimatedSkin
 0001:0003DCDC       TMenuItem2000.SetAttachMenu
 0001:0003CC1C       TMenuItem2000.SetBitmap
 0001:0003D3B4       TMenuItem2000.SetCaption
 0001:0003D91C       TMenuItem2000.SetChecked
 0001:0003D42C       TMenuItem2000.SetControl
 0001:0003DABC       TMenuItem2000.SetControlOptions
 0001:0003D944       TMenuItem2000.SetDefaultIndex
 0001:0003D3DC       TMenuItem2000.SetEnabled
 0001:0003D96C       TMenuItem2000.SetHidden
 0001:0003CD28       TMenuItem2000.SetHint
 0001:0003D9C0       TMenuItem2000.SetImageIndex
 0001:0003DA20       TMenuItem2000.SetMenuHandle
 0001:0003D5AC       TMenuItem2000.SetOptions
 0001:0003CDC8       TMenuItem2000.SetShortCut
 0001:0003D404       TMenuItem2000.SetVisible
 0001:0003CC44       TMenuItem2000.TurnSiblingsOff
 0001:0003D7E4       TMenuItem2000.Update
 0001:0003DB6C       TMenuItem2000.UpdateFromOptions
 0001:0005CF18       TMenuItem2000Client.Click
 0001:0005D004       TMenuItem2000Client.Create
 0001:0005D064       TMenuItem2000Client.Destroy
 0001:0005CC40       TMenuItem2000Client.GetAction
 0001:0005CC74       TMenuItem2000Client.GetBitmap
 0001:0005CC8C       TMenuItem2000Client.GetCaption
 0001:0005CCC4       TMenuItem2000Client.GetChecked
 0001:0005CEDC       TMenuItem2000Client.GetCount
 0001:0005CD2C       TMenuItem2000Client.GetEnabled
 0001:0005CF58       TMenuItem2000Client.GetHidden
 0001:0005CDB4       TMenuItem2000Client.GetHint
 0001:0005CE24       TMenuItem2000Client.GetImageIndex
 0001:0005CE58       TMenuItem2000Client.GetShortCut
 0001:0005CE94       TMenuItem2000Client.GetVisible
 0001:0005CEC8       TMenuItem2000Client.HasBitmap
 0001:0005CF8C       TMenuItem2000Client.InitiateAction
 0001:0005CFB0       TMenuItem2000Client.SetHidden
 0001:0005D7E8       TMoney.GetResourceName
 0001:00030884       TMyParser.HexToBinary
 0001:000307FC       TMyParser.NextToken
 0001:0003079C       TMyParser.ReadTokenString
 0001:0005D1B0       TOfficeAqua.GetResourceName
 0001:0005D300       TOfficeOliveGreen.GetResourceName
 0001:0005D91C       TOfficeXP.GetResourceName
 0001:00054A18       ToolbarManager
 0001:000560C8       ToolbarManager_Windows
 0001:00055004       ToolbarMenu2000
 0001:0005A53C       ToolsMenu2000
 0001:0005ABAC       ToolsMenu2000_ToolProperties
 0001:0005B72C       ToolsMenu2000_ToolsEditor
 0001:0005B8DC       ToolsMenu2000_ToolsProperty
 0001:0004ED54       TPhantomMenuItemProperty.GetValues
 0001:0004ED90       TPhantomMenuItemProperty.MyGetStrProc
 0001:0004EE04       TPhantomMenuItemProperty.SetValue
 0001:0001B30C       TPopupMenu2000Form.Animate
 0001:0001AD54       TPopupMenu2000Form.CheckOrigin
 0001:000173F8       TPopupMenu2000Form.cmMouseEnter
 0001:00017420       TPopupMenu2000Form.cmMouseLeave
 0001:00017608       TPopupMenu2000Form.cmShowingChanged
 0001:00016074       TPopupMenu2000Form.Create
 0001:000161B4       TPopupMenu2000Form.CreateParams
 0001:0001A4E8       TPopupMenu2000Form.CreateSubMenuForm
 0001:000189A0       TPopupMenu2000Form.DblClick
 0001:000161E4       TPopupMenu2000Form.Destroy
 0001:0001A478       TPopupMenu2000Form.DestroySubMenuForm
 0001:00018364       TPopupMenu2000Form.DoClick
 0001:00018724       TPopupMenu2000Form.DoClickWin32
 0001:00022D08       TPopupMenu2000Form.DoClose
 0001:0001AA48       TPopupMenu2000Form.GetCurMenuItem
 0001:0002387C       TPopupMenu2000Form.GetDropShadow
 0001:00016C00       TPopupMenu2000Form.GetFirstVisibleIndex
 0001:00023938       TPopupMenu2000Form.GetHighestForm
 0001:00016750       TPopupMenu2000Form.GetIndexAt
 0001:0001AB88       TPopupMenu2000Form.GetIndexByMenuItem
 0001:00022598       TPopupMenu2000Form.GetItemRect
 0001:00016B28       TPopupMenu2000Form.GetLastVisibleIndex
 0001:00023968       TPopupMenu2000Form.GetLowestForm
 0001:0001AA6C       TPopupMenu2000Form.GetMenuItemByIndex
 0001:0001CD14       TPopupMenu2000Form.GetMenuItemHeight
 0001:0001CF38       TPopupMenu2000Form.GetMenuItemHeightIndex
 0001:0001AB50       TPopupMenu2000Form.GetMenuItemIndex
 0001:00016EF0       TPopupMenu2000Form.GetOptions
 0001:0001A674       TPopupMenu2000Form.GetPopupPoint
 0001:00016388       TPopupMenu2000Form.GetRealHeight
 0001:00016618       TPopupMenu2000Form.GetRealLeft
 0001:000166B4       TPopupMenu2000Form.GetRealTop
 0001:000164D0       TPopupMenu2000Form.GetRealWidth
 0001:00022634       TPopupMenu2000Form.InitializeMenuState
 0001:0001CF64       TPopupMenu2000Form.InitializePaintParams
 0001:000176A8       TPopupMenu2000Form.MouseDown
 0001:00018A00       TPopupMenu2000Form.MouseMove
 0001:00017B44       TPopupMenu2000Form.MouseUp
 0001:00022CE0       TPopupMenu2000Form.OnHotTrack
 0001:00019F64       TPopupMenu2000Form.OnPopupTimer
 0001:0001A3F0       TPopupMenu2000Form.OnScrollTimer
 0001:0001A110       TPopupMenu2000Form.OnUnhideTimer
 0001:00020904       TPopupMenu2000Form.Paint
 0001:0001E5F8       TPopupMenu2000Form.PaintBackground
 0001:0001E724       TPopupMenu2000Form.PaintBackgroundPart
 0001:0001DCE8       TPopupMenu2000Form.PaintBevelAndBorder
 0001:000206D4       TPopupMenu2000Form.PaintBufferOnCanvas
 0001:0001E9A0       TPopupMenu2000Form.PaintDragPane
 0001:0001D784       TPopupMenu2000Form.PaintFrame3D
 0001:0001F0C4       TPopupMenu2000Form.PaintHiddenArrow
 0001:0001F7D8       TPopupMenu2000Form.PaintScrollBars
 0001:0001A790       TPopupMenu2000Form.PopupSubMenuForm
 0001:000230B8       TPopupMenu2000Form.PostMenuSelectMessage
 0001:00021B50       TPopupMenu2000Form.RebuildBounds
 0001:00021598       TPopupMenu2000Form.RebuildToolTipWindow
 0001:00022D2C       TPopupMenu2000Form.Refresh
 0001:0001CC38       TPopupMenu2000Form.Repaint
 0001:000195A0       TPopupMenu2000Form.SearchActiveMenuForShortcut
 0001:0002365C       TPopupMenu2000Form.SetSelected
 0001:00016CC4       TPopupMenu2000Form.SetSelectedIndex
 0001:0001C9B4       TPopupMenu2000Form.SilentHide
 0001:0001C630       TPopupMenu2000Form.SilentShow
 0001:00023740       TPopupMenu2000Form.Update
 0001:00017318       TPopupMenu2000Form.wmActivate
 0001:00019E70       TPopupMenu2000Form.wmChar
 0001:00017674       TPopupMenu2000Form.wmEraseBkgnd
 0001:000238D4       TPopupMenu2000Form.wmGetForm
 0001:00023374       TPopupMenu2000Form.wmGetState
 0001:000197D0       TPopupMenu2000Form.wmKeyDown
 0001:0001BEF0       TPopupMenu2000Form.wmKillAnimation
 0001:0001CCB0       TPopupMenu2000Form.wmKillTimer
 0001:000173B8       TPopupMenu2000Form.wmMouseActivate
 0001:00023754       TPopupMenu2000Form.wmMouseWheel
 0001:000233A8       TPopupMenu2000Form.wmPaintOnCanvas
 0001:000175B0       TPopupMenu2000Form.wmSetFocus
 0001:000235C4       TPopupMenu2000Form.wmSetMenuItem
 0001:00023188       TPopupMenu2000Form.wmSetState
 0001:0001C00C       TPopupMenu2000Form.wmShowAnimated
 0001:0001CCE8       TPopupMenu2000Form.wmSilentHide
 0001:00019EE0       TPopupMenu2000Form.wmSysKeyDown
 0001:00023818       TPopupMenu2000Form.wmUnhide
 0001:0002D0A0       TransBlt
 0001:00000A08       TranslateMessage
 0001:00057360       TRecentFilesMenu2000.Add
 0001:00057380       TRecentFilesMenu2000.AddToGroup
 0001:0005733C       TRecentFilesMenu2000.Clear
 0001:00057DF0       TRecentFilesMenu2000.Count
 0001:000571B4       TRecentFilesMenu2000.Create
 0001:00057684       TRecentFilesMenu2000.CreateComponentItems
 0001:000572EC       TRecentFilesMenu2000.Destroy
 0001:00057590       TRecentFilesMenu2000.DoCheck
 0001:00057E14       TRecentFilesMenu2000.DoClear
 0001:000575DC       TRecentFilesMenu2000.DoClick
 0001:00057D8C       TRecentFilesMenu2000.GetComponentItemsCaption
 0001:00057E2C       TRecentFilesMenu2000.GetFileGroup
 0001:00057F30       TRecentFilesMenu2000.Loaded
 0001:000582BC       TRecentFilesMenu2000.Save
 0001:00057F0C       TRecentFilesMenu2000.SetMaxGroupCount
 0001:00057DC8       TRecentFilesMenu2000.UpdateComponentItems
 0001:0000C9B0       TResourceSkin2000.Create
 0001:0000CA18       TResourceSkin2000.Reset
 0001:000530F4       TRootPathEditDlg.btnBrowseClick
 0001:000530D4       TRootPathEditDlg.Button1Click
 0001:000530AC       TRootPathEditDlg.Button2Click
 0001:00053090       TRootPathEditDlg.FormClose
 0001:00052FF4       TRootPathEditDlg.FormCreate
 0001:0005319C       TRootPathEditDlg.listSpecialFoldersDblClick
 0001:00053988       TRootsEditDlg.Button3Click
 0001:00053A04       TRootsEditDlg.Button4Click
 0001:00053A80       TRootsEditDlg.buttonEditClick
 0001:00053CB4       TRootsEditDlg.buttonMoveDownClick
 0001:00053BF8       TRootsEditDlg.buttonMoveUpClick
 0001:00053B34       TRootsEditDlg.buttonRemoveClick
 0001:00053878       TRootsEditDlg.FormClose
 0001:000538D4       TRootsEditDlg.listRootsClick
 0001:0005DA5C       TRoundAClock.GetResourceName
 0001:0000FF98       TSplitter.Paint
 0001:0004EB88       TSubMenu2000.CreateComponentItems
 0001:0004EBB8       TSubMenu2000.GetComponentItemsCaption
 0001:0004EBF0       TSubMenu2000.Notification
 0001:000554CC       TSystemMenu2000.CreateComponentItems
 0001:00055340       TSystemMenu2000.Destroy
 0001:00055844       TSystemMenu2000.GetComponentItemsCaption
 0001:0005538C       TSystemMenu2000.Loaded
 0001:00055880       TSystemMenu2000.SystemMenuItemClick
[...]
   260 0001:0005779C   263 0001:000577DD   264 0001:000577E0   267 0001:000577E8
   269 0001:000577F8   271 0001:000577FE   274 0001:00057828   276 0001:00057834
   279 0001:00057854   280 0001:0005785E   284 0001:000578B1   286 0001:000578C3
   290 0001:00057912   293 0001:0005792A   294 0001:0005794A   297 0001:00057952
   299 0001:00057966   300 0001:00057972   302 0001:0005798A   304 0001:00057995
   306 0001:000579B9   309 0001:000579D4   311 0001:000579E4   312 0001:000579EF
   317 0001:000579FF   318 0001:00057A10   319 0001:00057A21   323 0001:00057A33
   321 0001:00057A36   325 0001:00057A49   326 0001:00057A5A   328 0001:00057A67
   314 0001:00057A72   331 0001:00057A90   333 0001:00057AA9   334 0001:00057ABF
   337 0001:00057AEF   338 0001:00057AFB   341 0001:00057B17   342 0001:00057B4A
   343 0001:00057B55   344 0001:00057B5E   345 0001:00057B69   258 0001:00057B6C
   347 0001:00057B75   350 0001:00057BB1   353 0001:00057BC2   355 0001:00057BCE
   356 0001:00057BF0   358 0001:00057BFF   256 0001:00057C02   360 0001:00057C0B
   362 0001:00057C47   364 0001:00057C5A   367 0001:00057C78   368 0001:00057C87
   370 0001:00057CF6   373 0001:00057D8C   374 0001:00057D98   375 0001:00057DA5
   378 0001:00057DC8   379 0001:00057DD5   380 0001:00057DDD   381 0001:00057DEA
   384 0001:00057DF0   385 0001:00057DF9   386 0001:00057E0D   389 0001:00057E14
   390 0001:00057E20   391 0001:00057E28   398 0001:00057E2C   399 0001:00057E55
   401 0001:00057E5C   403 0001:00057E72   404 0001:00057E90   406 0001:00057EBC
   407 0001:00057ED0   408 0001:00057ED2   402 0001:00057ED5   409 0001:00057F07
   412 0001:00057F0C   413 0001:00057F18   414 0001:00057F29   422 0001:00057F30
   423 0001:00057F7D   425 0001:00057F85   428 0001:00057F95   430 0001:00057FAB
   432 0001:00057FBB   433 0001:00057FF4   436 0001:00058004   437 0001:00058012
   441 0001:00058027   442 0001:00058045   443 0001:00058055   445 0001:0005807B
   447 0001:000580AF   448 0001:000580BD   439 0001:000580C9   451 0001:000580E1
   454 0001:000580F6   455 0001:00058105   458 0001:00058143   459 0001:00058164
   461 0001:00058193   465 0001:000581DF   466 0001:000581ED   467 0001:000581F9
   457 0001:000581FC   470 0001:00058205   472 0001:0005824A   480 0001:000582BC
   481 0001:00058303   484 0001:00058313   486 0001:00058329   488 0001:00058339
   489 0001:00058372   490 0001:0005837D   491 0001:0005838E   496 0001:000583B2
   497 0001:000583C0   500 0001:000583D0   501 0001:000583E7   502 0001:0005843D
   499 0001:00058440   504 0001:00058446   507 0001:0005845B   508 0001:0005846A
   510 0001:000584A0   512 0001:000584BD   513 0001:000584D8   514 0001:000584F2
   515 0001:00058532   516 0001:00058566   511 0001:00058569   518 0001:00058573
   520 0001:000585B8   522 0001:0005865C   526 0001:00058663

Line numbers for ToolsMenu2000(ToolsMenu2000.pas) segment .text

   158 0001:00058BF4   159 0001:00058BF8   160 0001:00058C0F   163 0001:00058C2C
   164 0001:00058C38   165 0001:00058C40   166 0001:00058C56   167 0001:00058C6C
   168 0001:00058C82   171 0001:00058CAC   172 0001:00058CB5   173 0001:00058CBD
   174 0001:00058CD2   175 0001:00058CE7   176 0001:00058CFF   182 0001:00058D2C
   183 0001:00058D39   185 0001:00058D45   188 0001:00058D4F   190 0001:00058D60
   191 0001:00058D6B   192 0001:00058D77   193 0001:00058D96   195 0001:00058DBB
   201 0001:00058DC3   208 0001:00058DC8   209 0001:00058DE8   211 0001:00058DEE
   214 0001:00058DFA   215 0001:00058E13   217 0001:00058E34   218 0001:00058E45
   219 0001:00058E50   220 0001:00058E5C   222 0001:00058E67   228 0001:00058E8C
   234 0001:00058E94   235 0001:00058EAF   236 0001:00058EB9   237 0001:00058EC2
   238 0001:00058EEF   241 0001:00058EF4   242 0001:00058EFB   243 0001:00058F09
   246 0001:00058F0C   247 0001:00058F1D   248 0001:00058F28   249 0001:00058F36
   250 0001:00058F52   253 0001:00058F58   254 0001:00058F64   255 0001:00058F6A
   256 0001:00058F7A   257 0001:00058F87   263 0001:00058F8C   264 0001:00058FA7
   265 0001:00058FB1   266 0001:00058FC3   267 0001:00058FE7   270 0001:00058FEC
   271 0001:00058FFD   272 0001:00059005   273 0001:00059010   274 0001:0005902C
   277 0001:00059030   278 0001:0005903C   279 0001:00059050   282 0001:00059054
   284 0001:0005905D   283 0001:0005906F   285 0001:0005907B   286 0001:00059086
   289 0001:0005908C   290 0001:00059098   291 0001:000590A6   312 0001:000590AC
   313 0001:000590BB   314 0001:000590D0   315 0001:000590DE   316 0001:000590EC
   317 0001:000590FA   318 0001:00059108   319 0001:00059111   320 0001:0005911C
   321 0001:0005912A   322 0001:00059135   328 0001:0005913C   329 0001:00059148
   332 0001:00059150   333 0001:00059168   334 0001:00059176   335 0001:000591A6
   331 0001:000591A9   337 0001:000591AE   338 0001:000591B9   341 0001:000591C0
   342 0001:000591CD   343 0001:000591D8   344 0001:00059204   349 0001:0005921C
   350 0001:0005923E   352 0001:00059246   354 0001:00059263   355 0001:00059274
   356 0001:00059282   357 0001:00059290   358 0001:0005929E   359 0001:000592AC
   360 0001:000592C5   361 0001:000592DE   351 0001:000592E1   362 0001:000592EA
   363 0001:00059314   370 0001:00059318   371 0001:0005933E   372 0001:0005934F
   373 0001:00059357   374 0001:00059365   378 0001:00059372   379 0001:00059387
   380 0001:000593A0   381 0001:000593B9   382 0001:000593D2   383 0001:000593EB
   384 0001:00059404   385 0001:0005941D   376 0001:0005942B   389 0001:0005944A
   391 0001:0005944F   392 0001:00059457   393 0001:00059481   396 0001:00059488
   397 0001:00059491   398 0001:000594A0   401 0001:000594A4   402 0001:000594B0
   403 0001:000594BE   407 0001:000594C4   408 0001:000594D3   409 0001:000594E4
   412 0001:000594E8   413 0001:000594EF   414 0001:000594FA   421 0001:00059500
   422 0001:0005951B   424 0001:00059528   425 0001:00059537   426 0001:0005954F
   427 0001:00059561   428 0001:00059573   429 0001:00059598   432 0001:000595F0
   433 0001:00059601   434 0001:0005960F   435 0001:0005962B   442 0001:00059630
   443 0001:00059658   444 0001:0005966F   445 0001:0005967D   447 0001:00059681
   449 0001:0005968E   450 0001:000596A7   453 0001:000596B1   457 0001:000596E6
   462 0001:000596F4   465 0001:00059747   467 0001:0005974A   472 0001:000597BE
   480 0001:00059844   482 0001:0005986A   485 0001:00059894   488 0001:000598A3
   489 0001:000598C1   490 0001:000598F1   491 0001:000598FA   492 0001:00059916
   493 0001:00059921   487 0001:00059924   495 0001:00059929   498 0001:0005995F
   501 0001:00059970   503 0001:0005997C   504 0001:0005999E   507 0001:000599AD
   509 0001:000599E3   510 0001:00059A18   513 0001:00059A3C   514 0001:00059A48
   515 0001:00059A55   518 0001:00059A78   519 0001:00059A85   520 0001:00059A8D
   521 0001:00059A9A   524 0001:00059AA0   525 0001:00059AAC   526 0001:00059ABA
   535 0001:00059AC0   536 0001:00059AE1   538 0001:00059AE9   542 0001:00059B06
   544 0001:00059B1C   546 0001:00059B2C   547 0001:00059B65   550 0001:00059B75
   552 0001:00059B83   553 0001:00059B91   557 0001:00059BA6   558 0001:00059BC1
   559 0001:00059BDF   560 0001:00059BED   561 0001:00059C0B   562 0001:00059C19
   563 0001:00059C37   564 0001:00059C45   565 0001:00059C63   566 0001:00059C71
   567 0001:00059C8F   568 0001:00059C9D   569 0001:00059CBB   571 0001:00059CC9
   555 0001:00059CDD   574 0001:00059CF5   577 0001:00059D0A   578 0001:00059D19
   580 0001:00059D57   583 0001:00059D65   584 0001:00059D86   585 0001:00059D91
   586 0001:00059DAC   587 0001:00059DE4   588 0001:00059E1C   589 0001:00059E54
   590 0001:00059E8C   591 0001:00059EC4   593 0001:00059EFC   594 0001:00059F10
   582 0001:00059F13   597 0001:00059F1C   599 0001:00059F61   608 0001:0005A00C
   609 0001:0005A02C   612 0001:0005A03C   614 0001:0005A052   616 0001:0005A062
   617 0001:0005A09B   618 0001:0005A0A6   619 0001:0005A0B7   624 0001:0005A0DB
   625 0001:0005A0E9   628 0001:0005A0F9   630 0001:0005A114   631 0001:0005A128
   632 0001:0005A143   633 0001:0005A15E   634 0001:0005A179   635 0001:0005A194
   636 0001:0005A1C0   637 0001:0005A1EC   627 0001:0005A1EF   639 0001:0005A1F9
   642 0001:0005A20E   643 0001:0005A21D   645 0001:0005A253   647 0001:0005A270
   649 0001:0005A28B   650 0001:0005A29F   652 0001:0005A2B4   653 0001:0005A2DB
   654 0001:0005A302   655 0001:0005A329   656 0001:0005A350   657 0001:0005A38A
   658 0001:0005A3C4   646 0001:0005A3C7   660 0001:0005A3D1   662 0001:0005A416
   665 0001:0005A4C0   666 0001:0005A4CC   667 0001:0005A4DD   671 0001:0005A4E4
   672 0001:0005A4ED   673 0001:0005A502   675 0001:0005A53C   679 0001:0005A543

Line numbers for ToolsMenu2000_ToolProperties(ToolsMenu2000_ToolProperties.pas) segment .text

    83 0001:0005A8C8    84 0001:0005A8CC    85 0001:0005A8D2    87 0001:0005A8E6
    88 0001:0005A8EE    91 0001:0005A8F4    92 0001:0005A912    94 0001:0005A924
    95 0001:0005A946    97 0001:0005A9A0   100 0001:0005A9A4   101 0001:0005A9C3
   102 0001:0005A9D5   103 0001:0005AA1A   111 0001:0005AA20   112 0001:0005AA4B
   113 0001:0005AA5A   114 0001:0005AA6C   115 0001:0005AA74   116 0001:0005AA96
   118 0001:0005AA9D   119 0001:0005AAA9   121 0001:0005AAAF   122 0001:0005AABF
   123 0001:0005AAE4   126 0001:0005AAED   127 0001:0005AB26   130 0001:0005AB4C
   131 0001:0005AB58   132 0001:0005AB69   133 0001:0005AB77   135 0001:0005ABAC
   135 0001:0005ABB3

Line numbers for ToolsMenu2000_ToolsEditor(ToolsMenu2000_ToolsEditor.pas) segment .text

    73 0001:0005AED0    74 0001:0005AED9    75 0001:0005AEF0    76 0001:0005AEFC
    77 0001:0005AF07    78 0001:0005AF0F    79 0001:0005AF17    88 0001:0005AF1C
    89 0001:0005AF40    90 0001:0005AF52    92 0001:0005AF64    93 0001:0005AF6C
    97 0001:0005AF85    99 0001:0005B000   100 0001:0005B028   102 0001:0005B050
   104 0001:0005B05A   105 0001:0005B084   111 0001:0005B08C   112 0001:0005B098
   114 0001:0005B0AC   116 0001:0005B0BB   117 0001:0005B0DF   118 0001:0005B0F4
   119 0001:0005B10F   115 0001:0005B112   122 0001:0005B117   121 0001:0005B140
   124 0001:0005B145   126 0001:0005B14D   127 0001:0005B155   128 0001:0005B169
   129 0001:0005B173   135 0001:0005B178   136 0001:0005B19D   138 0001:0005B1C1
   139 0001:0005B1D3   140 0001:0005B1F1   141 0001:0005B205   142 0001:0005B219
   143 0001:0005B22D   144 0001:0005B241   149 0001:0005B25C   151 0001:0005B276
   153 0001:0005B288   154 0001:0005B294   158 0001:0005B2B0   159 0001:0005B2CF
   160 0001:0005B2EE   161 0001:0005B30D   162 0001:0005B32C   164 0001:0005B34A
   167 0001:0005B387   169 0001:0005B3B9   172 0001:0005B3D8   173 0001:0005B3E4
   174 0001:0005B3EC   180 0001:0005B3F0   181 0001:0005B3FC   182 0001:0005B410
   186 0001:0005B429   187 0001:0005B43D   188 0001:0005B44E   190 0001:0005B463
   191 0001:0005B46B   192 0001:0005B480   193 0001:0005B488   199 0001:0005B48C
   200 0001:0005B498   201 0001:0005B4AC   205 0001:0005B4C6   206 0001:0005B4DA
   207 0001:0005B4EB   209 0001:0005B500   210 0001:0005B508   211 0001:0005B51D
   212 0001:0005B525   215 0001:0005B52C   216 0001:0005B538   217 0001:0005B540
   222 0001:0005B544   223 0001:0005B54D   224 0001:0005B561   227 0001:0005B575
   226 0001:0005B5BE   229 0001:0005B5C3   230 0001:0005B5D7   234 0001:0005B5DC
   235 0001:0005B5EB   236 0001:0005B5F4   238 0001:0005B600   239 0001:0005B609
   241 0001:0005B615   242 0001:0005B61E   243 0001:0005B628   246 0001:0005B630
   247 0001:0005B638   248 0001:0005B65B   249 0001:0005B67E   250 0001:0005B6A2
   252 0001:0005B6F7   254 0001:0005B72C   254 0001:0005B733

Line numbers for ToolsMenu2000_ToolsProperty(ToolsMenu2000_ToolsProperty.pas) segment .text

    40 0001:0005B81C    41 0001:0005B823    43 0001:0005B838    44 0001:0005B841
    45 0001:0005B84C    48 0001:0005B850    49 0001:0005B859    50 0001:0005B867
    53 0001:0005B870    54 0001:0005B87C    55 0001:0005B889    58 0001:0005B8DC
    58 0001:0005B8E3

Line numbers for ActionMenuBar2000(ActionMenuBar2000.pas) segment .text

   168 0001:0005C50C   169 0001:0005C510   170 0001:0005C527   177 0001:0005C544
   178 0001:0005C55F   179 0001:0005C56C   180 0001:0005C5A2   183 0001:0005C5A8
   184 0001:0005C5B9   185 0001:0005C5C5   187 0001:0005C5D5   188 0001:0005C5E3
   190 0001:0005C5EE   191 0001:0005C60A   194 0001:0005C610   195 0001:0005C61C
   196 0001:0005C629   199 0001:0005C658   200 0001:0005C664   204 0001:0005C668
   205 0001:0005C677   206 0001:0005C685   208 0001:0005C699   209 0001:0005C6A4
   212 0001:0005C6A8   214 0001:0005C6AF   216 0001:0005C6C7   220 0001:0005C6D7
   221 0001:0005C6F3   222 0001:0005C704   223 0001:0005C715   224 0001:0005C72C
   232 0001:0005C730   233 0001:0005C739   235 0001:0005C742   236 0001:0005C74A
   239 0001:0005C74F   242 0001:0005C75F   244 0001:0005C767   245 0001:0005C773
   246 0001:0005C786   248 0001:0005C797   251 0001:0005C7A7   252 0001:0005C7BA
   255 0001:0005C7D3   257 0001:0005C7EB   258 0001:0005C800   259 0001:0005C814
   260 0001:0005C82D   261 0001:0005C841   255 0001:0005C844   264 0001:0005C849
   265 0001:0005C855   266 0001:0005C85F   268 0001:0005C876   269 0001:0005C87E
   273 0001:0005C884   274 0001:0005C890   275 0001:0005C899   276 0001:0005C8A9
   277 0001:0005C8B1   280 0001:0005C8B8   281 0001:0005C8C1   283 0001:0005C8CA
   284 0001:0005C8D5   287 0001:0005C8D7   289 0001:0005C8DC   290 0001:0005C8E8
   292 0001:0005C8F7   294 0001:0005C903   295 0001:0005C911   296 0001:0005C914
   297 0001:0005C922   300 0001:0005C925   302 0001:0005C931   303 0001:0005C93F
   304 0001:0005C942   305 0001:0005C950   307 0001:0005C956   314 0001:0005C95C
   315 0001:0005C96B   319 0001:0005C987   322 0001:0005C98F   324 0001:0005C99B
   325 0001:0005C9B8   326 0001:0005C9CD   327 0001:0005C9E6   328 0001:0005C9F1
   323 0001:0005C9F4   329 0001:0005C9F9   333 0001:0005CA00   334 0001:0005CA09
   335 0001:0005CA1D   338 0001:0005CA24   339 0001:0005CA2D   340 0001:0005CA42
   343 0001:0005CA48   344 0001:0005CA51   345 0001:0005CA66   348 0001:0005CA6C
   349 0001:0005CA75   350 0001:0005CA8A   353 0001:0005CA90   354 0001:0005CA9C
   355 0001:0005CAAD   358 0001:0005CAB4   359 0001:0005CAC0   360 0001:0005CAD1
   363 0001:0005CAD8   364 0001:0005CAE4   365 0001:0005CAF5   368 0001:0005CAFC
   369 0001:0005CB08   370 0001:0005CB19   373 0001:0005CB20   374 0001:0005CB29
   375 0001:0005CB3B   378 0001:0005CB40   379 0001:0005CB49   380 0001:0005CB5B
   383 0001:0005CB60   384 0001:0005CB6C   385 0001:0005CB7D   388 0001:0005CB84
   389 0001:0005CB90   390 0001:0005CBA1   393 0001:0005CBA8   394 0001:0005CBB4
   395 0001:0005CBCB   398 0001:0005CBD0   399 0001:0005CBDC   400 0001:0005CBF3
   403 0001:0005CBF8   404 0001:0005CC01   405 0001:0005CC16   409 0001:0005CC1C
   410 0001:0005CC28   411 0001:0005CC39   416 0001:0005CC40   417 0001:0005CC49
   418 0001:0005CC55   419 0001:0005CC68   420 0001:0005CC70   423 0001:0005CC74
   424 0001:0005CC7D   425 0001:0005CC85   428 0001:0005CC8C   429 0001:0005CC98
   430 0001:0005CCA4   431 0001:0005CCB7   432 0001:0005CCBF   435 0001:0005CCC4
   436 0001:0005CCCD   439 0001:0005CD08   440 0001:0005CD1E   441 0001:0005CD25
   444 0001:0005CD2C   445 0001:0005CD35   448 0001:0005CD41   449 0001:0005CD4D
   451 0001:0005CD70   452 0001:0005CD80   455 0001:0005CDA8   456 0001:0005CDAF
   459 0001:0005CDB4   460 0001:0005CDC0   463 0001:0005CDFB   464 0001:0005CE16
   465 0001:0005CE1E   468 0001:0005CE24   469 0001:0005CE2D   470 0001:0005CE39
   471 0001:0005CE4A   472 0001:0005CE54   475 0001:0005CE58   476 0001:0005CE64
   477 0001:0005CE70   478 0001:0005CE86   479 0001:0005CE8E   482 0001:0005CE94
   483 0001:0005CE9D   484 0001:0005CEC4   488 0001:0005CEC8   489 0001:0005CED1
   490 0001:0005CED8   493 0001:0005CEDC   494 0001:0005CEE5   495 0001:0005CEF1
   496 0001:0005CF09   497 0001:0005CF11   502 0001:0005CF18   503 0001:0005CF22
   506 0001:0005CF2E   507 0001:0005CF3F   508 0001:0005CF45   509 0001:0005CF51
   512 0001:0005CF58   513 0001:0005CF61   514 0001:0005CF6D   515 0001:0005CF80
   516 0001:0005CF87   519 0001:0005CF8C   520 0001:0005CF93   521 0001:0005CF9F
   522 0001:0005CFAD   525 0001:0005CFB0   526 0001:0005CFBC   529 0001:0005CFC8
   530 0001:0005CFD4   531 0001:0005CFE3   533 0001:0005CFFE   536 0001:0005D004
   537 0001:0005D01F   538 0001:0005D02C   539 0001:0005D05F   542 0001:0005D064
   543 0001:0005D075   544 0001:0005D083   545 0001:0005D09F   548 0001:0005D0D4
   548 0001:0005D0DB

Line numbers for am2000skin_OfficeAqua(am2000skin_OfficeAqua.pas) segment .text

    40 0001:0005D1B0    41 0001:0005D1B9    42 0001:0005D1C4    44 0001:0005D210
    48 0001:0005D217

Line numbers for am2000skin_OfficeOliveGreen(am2000skin_OfficeOliveGreen.pas) segment .text

    40 0001:0005D300    41 0001:0005D309    42 0001:0005D314    44 0001:0005D364
    48 0001:0005D36B

Line numbers for am2000skin_JavaMetal(am2000skin_JavaMetal.pas) segment .text

    40 0001:0005D440    41 0001:0005D449    42 0001:0005D454    44 0001:0005D4A0
    48 0001:0005D4A7

Line numbers for am2000skin_CDEMotif(am2000skin_CDEMotif.pas) segment .text

    40 0001:0005D578    41 0001:0005D581    42 0001:0005D58C    44 0001:0005D5D4
    48 0001:0005D5DB

Line numbers for am2000skin_BlueMountain(am2000skin_BlueMountain.pas) segment .text

    40 0001:0005D6B8    41 0001:0005D6C1    42 0001:0005D6CC    44 0001:0005D718
    48 0001:0005D71F

Line numbers for am2000skin_Money(am2000skin_Money.pas) segment .text

    40 0001:0005D7E8    41 0001:0005D7F1    42 0001:0005D7FC    44 0001:0005D844
    48 0001:0005D84B

Line numbers for am2000skin_OfficeXP(am2000skin_OfficeXP.pas) segment .text

    40 0001:0005D91C    41 0001:0005D925    42 0001:0005D930    44 0001:0005D978
    48 0001:0005D97F

Line numbers for am2000skin_RoundAClock(am2000skin_RoundAClock.pas) segment .text

    40 0001:0005DA5C    41 0001:0005DA65    42 0001:0005DA70    44 0001:0005DABC
    48 0001:0005DAC3

Line numbers for am2000skin_WindowsXPLuna(am2000skin_WindowsXPLuna.pas) segment .text

    40 0001:0005DBA4    41 0001:0005DBAD    42 0001:0005DBB8    44 0001:0005DC08
    48 0001:0005DC0F

Line numbers for am2000skin_WindowsXPOliveGreen(am2000skin_WindowsXPOliveGreen.pas) segment .text

    40 0001:0005DD04    41 0001:0005DD0D    42 0001:0005DD18    44 0001:0005DD6C
    48 0001:0005DD73

Line numbers for am2000skin_WindowsXPSilver(am2000skin_WindowsXPSilver.pas) segment .text

    40 0001:0005DE5C    41 0001:0005DE65    42 0001:0005DE70    44 0001:0005DEC0
    48 0001:0005DEC7

Line numbers for am2000reg(am2000reg.pas) segment .text

    67 0001:0005DEC8    68 0001:0005DECE    95 0001:0005DFC8    96 0001:0005DFD8
    97 0001:0005DFE8    98 0001:0005DFF8    99 0001:0005E008   100 0001:0005E018
   101 0001:0005E028   102 0001:0005E038   103 0001:0005E048   104 0001:0005E058
   105 0001:0005E068   106 0001:0005E078   107 0001:0005E088   108 0001:0005E098
   110 0001:0005E0A8   112 0001:0005E0BC   115 0001:0005E0D0   116 0001:0005E0E4
   118 0001:0005E0F8   119 0001:0005E10C   120 0001:0005E120   121 0001:0005E134
   122 0001:0005E148   124 0001:0005E194   124 0001:0005E19B

Line numbers for am2000_d7(D:\Components\Animated Menus\am2000_d7.dpk) segment .text

    41 0001:0005E5EC

Bound resource files

autobitmaps.res
am2000.res
am2000welcome.DFM
am2000designer.DFM
am2000shortcut.DFM
BookmarkMenu2000.res
FavoritesMenu2000.res
FolderMenu2000.res
FolderMenu2000_RootEdit.dfm
FolderMenu2000_RootsEdit.dfm
ToolsMenu2000_ToolProperties.DFM
ToolsMenu2000_ToolsEditor.DFM
am2000skin_OfficeAqua.res
am2000skin_OfficeOliveGreen.res
am2000skin_JavaMetal.res
am2000skin_CDEMotif.res
am2000skin_BlueMountain.res
am2000skin_Money.res
am2000skin_OfficeXP.res
am2000skin_RoundAClock.res
am2000skin_WindowsXPLuna.res
am2000skin_WindowsXPOliveGreen.res
am2000skin_WindowsXPSilver.res
am2000_d7.res
am2000reg.dcr
am2000_d7.drf


Program entry point at 0001:0005E5EC
